Archive member included to satisfy reference by file (symbol)

.pio/build/bluepill/libd32/libLiquidCrystal_I2C-1.1.2.a(LiquidCrystal_I2C.cpp.o)
                              .pio/build/bluepill/src/main.cpp.o (LiquidCrystal_I2C::LiquidCrystal_I2C(unsigned char, unsigned char, unsigned char))
.pio/build/bluepill/lib367/libinverter.a(inverter.cpp.o)
                              .pio/build/bluepill/src/main.cpp.o (printWlc())
.pio/build/bluepill/libFrameworkArduino.a(Print.cpp.o)
                              .pio/build/bluepill/libd32/libLiquidCrystal_I2C-1.1.2.a(LiquidCrystal_I2C.cpp.o) (Print::write(unsigned char const*, unsigned int))
.pio/build/bluepill/libFrameworkArduino.a(WInterrupts.cpp.o)
                              .pio/build/bluepill/src/main.cpp.o (attachInterrupt(unsigned long, std::function<void ()>, unsigned long))
.pio/build/bluepill/libFrameworkArduino.a(WMath.cpp.o)
                              .pio/build/bluepill/lib367/libinverter.a(inverter.cpp.o) (map(long, long, long, long, long))
.pio/build/bluepill/libFrameworkArduino.a(main.cpp.o)
                              /home/chima/.platformio/packages/toolchain-gccarmnoneeabi/bin/../lib/gcc/arm-none-eabi/12.3.1/../../../../arm-none-eabi/lib/thumb/v7-m/nofp/crt0.o (main)
.pio/build/bluepill/libFrameworkArduino.a(pins_arduino.c.o)
                              .pio/build/bluepill/SrcWrapper/src/HardwareTimer.cpp.o (pinNametoDigitalPin)
.pio/build/bluepill/libFrameworkArduino.a(wiring_analog.c.o)
                              .pio/build/bluepill/src/main.cpp.o (analogReadResolution)
.pio/build/bluepill/libFrameworkArduino.a(wiring_digital.c.o)
                              .pio/build/bluepill/SrcWrapper/src/HardwareTimer.cpp.o (pinMode)
.pio/build/bluepill/libFrameworkArduino.a(wiring_time.c.o)
                              .pio/build/bluepill/src/main.cpp.o (delay)
.pio/build/bluepill/libFrameworkArduino.a(WSerial.cpp.o)
                              .pio/build/bluepill/libFrameworkArduino.a(main.cpp.o) (serialEventRun())
.pio/build/bluepill/libFrameworkArduino.a(board.c.o)
                              .pio/build/bluepill/libFrameworkArduino.a(main.cpp.o) (init)
.pio/build/bluepill/libFrameworkArduino.a(hooks.c.o)
                              .pio/build/bluepill/libFrameworkArduino.a(wiring_time.c.o) (yield)
.pio/build/bluepill/libFrameworkArduino.a(HardwareSerial.cpp.o)
                              .pio/build/bluepill/libFrameworkArduino.a(WSerial.cpp.o) (HardwareSerial::available())
.pio/build/bluepill/libFrameworkArduino.a(Stream.cpp.o)
                              .pio/build/bluepill/libFrameworkArduino.a(HardwareSerial.cpp.o) (Stream::readBytes(char*, unsigned int))
.pio/build/bluepill/libFrameworkArduino.a(WString.cpp.o)
                              .pio/build/bluepill/libFrameworkArduino.a(Stream.cpp.o) (String::String(char const*))
.pio/build/bluepill/libFrameworkArduino.a(dtostrf.c.o)
                              .pio/build/bluepill/libFrameworkArduino.a(WString.cpp.o) (dtostrf)
.pio/build/bluepill/libFrameworkArduino.a(itoa.c.o)
                              .pio/build/bluepill/libFrameworkArduino.a(WString.cpp.o) (ltoa)
/home/chima/.platformio/packages/toolchain-gccarmnoneeabi/bin/../lib/gcc/arm-none-eabi/12.3.1/thumb/v7-m/nofp/libgcc.a(_arm_muldf3.o)
                              .pio/build/bluepill/SrcWrapper/src/HardwareTimer.cpp.o (__aeabi_dmul)
/home/chima/.platformio/packages/toolchain-gccarmnoneeabi/bin/../lib/gcc/arm-none-eabi/12.3.1/thumb/v7-m/nofp/libgcc.a(_arm_mulsf3.o)
                              .pio/build/bluepill/lib367/libinverter.a(inverter.cpp.o) (__aeabi_fmul)
/home/chima/.platformio/packages/toolchain-gccarmnoneeabi/bin/../lib/gcc/arm-none-eabi/12.3.1/thumb/v7-m/nofp/libgcc.a(_arm_addsubdf3.o)
                              .pio/build/bluepill/lib367/libinverter.a(inverter.cpp.o) (__aeabi_dsub)
/home/chima/.platformio/packages/toolchain-gccarmnoneeabi/bin/../lib/gcc/arm-none-eabi/12.3.1/thumb/v7-m/nofp/libgcc.a(_arm_muldivdf3.o)
                              .pio/build/bluepill/SrcWrapper/src/HardwareTimer.cpp.o (__aeabi_ddiv)
/home/chima/.platformio/packages/toolchain-gccarmnoneeabi/bin/../lib/gcc/arm-none-eabi/12.3.1/thumb/v7-m/nofp/libgcc.a(_arm_cmpdf2.o)
                              .pio/build/bluepill/libFrameworkArduino.a(Print.cpp.o) (__aeabi_dcmplt)
/home/chima/.platformio/packages/toolchain-gccarmnoneeabi/bin/../lib/gcc/arm-none-eabi/12.3.1/thumb/v7-m/nofp/libgcc.a(_arm_unorddf2.o)
                              .pio/build/bluepill/libFrameworkArduino.a(Print.cpp.o) (__aeabi_dcmpun)
/home/chima/.platformio/packages/toolchain-gccarmnoneeabi/bin/../lib/gcc/arm-none-eabi/12.3.1/thumb/v7-m/nofp/libgcc.a(_arm_fixdfsi.o)
                              .pio/build/bluepill/libFrameworkArduino.a(dtostrf.c.o) (__aeabi_d2iz)
/home/chima/.platformio/packages/toolchain-gccarmnoneeabi/bin/../lib/gcc/arm-none-eabi/12.3.1/thumb/v7-m/nofp/libgcc.a(_arm_fixunsdfsi.o)
[...]
Memory Configuration

Name             Origin             Length             Attributes
*default*        0x00000000         0xffffffff
RAM              0x20000000         0x00005000         xrw
FLASH            0x08000000         0x00010000         xr

Linker script and memory map

                0x20005000                        _estack = (ORIGIN (RAM) + LENGTH (RAM))
                0x00000200                        _Min_Heap_Size = 0x200
                0x00000400                        _Min_Stack_Size = 0x400

.isr_vector     0x08000000      0x10c
                0x08000000                        . = ALIGN (0x4)
 *(.isr_vector)
 .isr_vector    0x08000000      0x10c .pio/build/bluepill/FrameworkArduinoVariant/startup_M200_f103xb.S.o
                0x08000000                g_pfnVectors
                0x0800010c                        . = ALIGN (0x4)

.text           0x08000110     0x7d84
                0x08000110                        . = ALIGN (0x4)
 *(.text)
 .text          0x08000110      0x378 /home/chima/.platformio/packages/toolchain-gccarmnoneeabi/bin/../lib/gcc/arm-none-eabi/12.3.1/thumb/v7-m/nofp/libgcc.a(_arm_addsubdf3.o)
                0x08000110                __aeabi_drsub
                0x08000118                __aeabi_dsub
                0x08000118                __subdf3
                0x0800011c                __adddf3
                0x0800011c                __aeabi_dadd
                0x08000394                __aeabi_ui2d
                0x08000394                __floatunsidf
                0x080003b4                __floatsidf
                0x080003b4                __aeabi_i2d
                0x080003d8                __extendsfdf2
                0x080003d8                __aeabi_f2d
                0x0800041c                __aeabi_ul2d
                0x0800041c                __floatundidf
                0x0800042c                __floatdidf
                0x0800042c                __aeabi_l2d
 .text          0x08000488      0x424 /home/chima/.platformio/packages/toolchain-gccarmnoneeabi/bin/../lib/gcc/arm-none-eabi/12.3.1/thumb/v7-m/nofp/libgcc.a(_arm_muldivdf3.o)
                0x08000488                __aeabi_dmul
                0x08000488                __muldf3
                0x080006dc                __aeabi_ddiv
                0x080006dc                __divdf3
 .text          0x080008ac      0x110 /home/chima/.platformio/packages/toolchain-gccarmnoneeabi/bin/../lib/gcc/arm-none-eabi/12.3.1/thumb/v7-m/nofp/libgcc.a(_arm_cmpdf2.o)
                0x080008ac                __gtdf2
                0x080008ac                __gedf2
                0x080008b4                __ltdf2
                0x080008b4                __ledf2
                0x080008bc                __cmpdf2
                0x080008bc                __eqdf2
                0x080008bc                __nedf2
                0x08000938                __aeabi_cdrcmple
                0x08000948                __aeabi_cdcmple
                0x08000948                __aeabi_cdcmpeq
                0x08000958                __aeabi_dcmpeq
                0x0800096c                __aeabi_dcmplt
                0x08000980                __aeabi_dcmple
                0x08000994                __aeabi_dcmpge
                0x080009a8                __aeabi_dcmpgt
 .text          0x080009bc       0xa0 /home/chima/.platformio/packages/toolchain-gccarmnoneeabi/bin/../lib/gcc/arm-none-eabi/12.3.1/thumb/v7-m/nofp/libgcc.a(_arm_truncdfsf2.o)
                0x080009bc                __aeabi_d2f
                0x080009bc                __truncdfsf2
 .text          0x08000a5c      0x21c /home/chima/.platformio/packages/toolchain-gccarmnoneeabi/bin/../lib/gcc/arm-none-eabi/12.3.1/thumb/v7-m/nofp/libgcc.a(_arm_addsubsf3.o)
                0x08000a5c                __aeabi_frsub
                0x08000a64                __subsf3
                0x08000a64                __aeabi_fsub
                0x08000a68                __aeabi_fadd
                0x08000a68                __addsf3
                0x08000bc8                __aeabi_ui2f
                0x08000bc8                __floatunsisf
                0x08000bd0                __aeabi_i2f
                0x08000bd0                __floatsisf
                0x08000bec                __floatundisf
                0x08000bec                __aeabi_ul2f
                0x08000bfc                __floatdisf
                0x08000bfc                __aeabi_l2f
 .text          0x08000c78      0x2a0 /home/chima/.platformio/packages/toolchain-gccarmnoneeabi/bin/../lib/gcc/arm-none-eabi/12.3.1/thumb/v7-m/nofp/libgcc.a(_arm_muldivsf3.o)
                0x08000c78                __mulsf3
                0x08000c78                __aeabi_fmul
                0x08000de0                __divsf3
                0x08000de0                __aeabi_fdiv
 .text          0x08000f18       0xec /home/chima/.platformio/packages/toolchain-gccarmnoneeabi/bin/../lib/gcc/arm-none-eabi/12.3.1/thumb/v7-m/nofp/libgcc.a(_arm_cmpsf2.o)
                0x08000f18                __gtsf2
                0x08000f18                __gesf2
                0x08000f20                __lesf2
                0x08000f20                __ltsf2
                0x08000f28                __nesf2
                0x08000f28                __eqsf2
                0x08000f28                __cmpsf2
                0x08000f88                __aeabi_cfrcmple
                0x08000f90                __aeabi_cfcmple
                0x08000f90                __aeabi_cfcmpeq
                0x08000fa0                __aeabi_fcmpeq
                0x08000fb4                __aeabi_fcmplt
                0x08000fc8                __aeabi_fcmple
                0x08000fdc                __aeabi_fcmpge
                0x08000ff0                __aeabi_fcmpgt
 .text          0x08001004       0x2c /home/chima/.platformio/packages/toolchain-gccarmnoneeabi/bin/../lib/gcc/arm-none-eabi/12.3.1/thumb/v7-m/nofp/libgcc.a(_arm_unordsf2.o)
                0x08001004                __aeabi_fcmpun
                0x08001004                __unordsf2
 .text          0x08001030       0x4c /home/chima/.platformio/packages/toolchain-gccarmnoneeabi/bin/../lib/gcc/arm-none-eabi/12.3.1/thumb/v7-m/nofp/libgcc.a(_arm_fixsfsi.o)
                0x08001030                __fixsfsi
                0x08001030                __aeabi_f2iz
 .text          0x0800107c       0x40 /home/chima/.platformio/packages/toolchain-gccarmnoneeabi/bin/../lib/gcc/arm-none-eabi/12.3.1/thumb/v7-m/nofp/libgcc.a(_arm_fixunssfsi.o)
                0x0800107c                __aeabi_f2uiz
                0x0800107c                __fixunssfsi
 .text          0x080010bc       0x10 /home/chima/.platformio/packages/toolchain-gccarmnoneeabi/bin/../lib/gcc/arm-none-eabi/12.3.1/../../../../arm-none-eabi/lib/thumb/v7-m/nofp/libc_nano.a(libc_a-strlen.o)
                0x080010bc                strlen
 *(.text*)
 .text.__do_global_dtors_aux
                0x080010cc       0x24 /home/chima/.platformio/packages/toolchain-gccarmnoneeabi/bin/../lib/gcc/arm-none-eabi/12.3.1/thumb/v7-m/nofp/crtbegin.o
 .text.frame_dummy
                0x080010f0       0x1c /home/chima/.platformio/packages/toolchain-gccarmnoneeabi/bin/../lib/gcc/arm-none-eabi/12.3.1/thumb/v7-m/nofp/crtbegin.o
 .text.Reset_Handler
                0x0800110c       0x60 .pio/build/bluepill/FrameworkArduinoVariant/startup_M200_f103xb.S.o
                0x0800110c                Reset_Handler
 .text.Default_Handler
                0x0800116c        0x4 .pio/build/bluepill/FrameworkArduinoVariant/startup_M200_f103xb.S.o
                0x0800116c                RTC_Alarm_IRQHandler
                0x0800116c                DebugMon_Handler
                0x0800116c                HardFault_Handler
                0x0800116c                PVD_IRQHandler
                0x0800116c                PendSV_Handler
                0x0800116c                NMI_Handler
                0x0800116c                UsageFault_Handler
                0x0800116c                ADC1_2_IRQHandler
                0x0800116c                SPI1_IRQHandler
                0x0800116c                TAMPER_IRQHandler
                0x0800116c                DMA1_Channel4_IRQHandler
                0x0800116c                RTC_IRQHandler
                0x0800116c                DMA1_Channel7_IRQHandler
                0x0800116c                CAN1_RX1_IRQHandler
                0x0800116c                DMA1_Channel6_IRQHandler
                0x0800116c                RCC_IRQHandler
                0x0800116c                TIM1_TRG_COM_IRQHandler
                0x0800116c                DMA1_Channel1_IRQHandler
                0x0800116c                Default_Handler
                0x0800116c                SPI2_IRQHandler
                0x0800116c                MemManage_Handler
                0x0800116c                SVC_Handler
                0x0800116c                DMA1_Channel5_IRQHandler
                0x0800116c                USB_LP_CAN1_RX0_IRQHandler
                0x0800116c                USB_HP_CAN1_TX_IRQHandler
                0x0800116c                DMA1_Channel3_IRQHandler
                0x0800116c                WWDG_IRQHandler
                0x0800116c                TIM1_BRK_IRQHandler
                0x0800116c                DMA1_Channel2_IRQHandler
                0x0800116c                CAN1_SCE_IRQHandler
                0x0800116c                FLASH_IRQHandler
                0x0800116c                BusFault_Handler
                0x0800116c                USBWakeUp_IRQHandler
 .text.SystemClock_Config
                0x08001170       0x7c .pio/build/bluepill/FrameworkArduinoVariant/variant_PILL_F103Cx.cpp.o
                0x08001170                SystemClock_Config
 .text.HAL_MspInit
                0x080011ec        0x2 .pio/build/bluepill/SrcWrapper/src/HAL/stm32yyxx_hal.c.o
                0x080011ec                HAL_MspInit
 *fill*         0x080011ee        0x2 
 .text.HAL_InitTick
                0x080011f0       0x48 .pio/build/bluepill/SrcWrapper/src/HAL/stm32yyxx_hal.c.o
                0x080011f0                HAL_InitTick
 .text.HAL_Init
                0x08001238       0x24 .pio/build/bluepill/SrcWrapper/src/HAL/stm32yyxx_hal.c.o
                0x08001238                HAL_Init
 .text.HAL_IncTick
                0x0800125c       0x18 .pio/build/bluepill/SrcWrapper/src/HAL/stm32yyxx_hal.c.o
                0x0800125c                HAL_IncTick
 .text.HAL_GetTick
                0x08001274        0xc .pio/build/bluepill/SrcWrapper/src/HAL/stm32yyxx_hal.c.o
                0x08001274                HAL_GetTick
 .text.HAL_ADC_PollForConversion
                0x08001280      0x164 .pio/build/bluepill/SrcWrapper/src/HAL/stm32yyxx_hal_adc.c.o
                0x08001280                HAL_ADC_PollForConversion
 .text.HAL_ADC_GetValue
                0x080013e4        0x6 .pio/build/bluepill/SrcWrapper/src/HAL/stm32yyxx_hal_adc.c.o
                0x080013e4                HAL_ADC_GetValue
 *fill*         0x080013ea        0x2 
 .text.HAL_ADC_ConfigChannel
                0x080013ec       0xfc .pio/build/bluepill/SrcWrapper/src/HAL/stm32yyxx_hal_adc.c.o
                0x080013ec                HAL_ADC_ConfigChannel
 .text.HAL_ADC_GetState
                0x080014e8        0x4 .pio/build/bluepill/SrcWrapper/src/HAL/stm32yyxx_hal_adc.c.o
                0x080014e8                HAL_ADC_GetState
 .text.ADC_Enable
                0x080014ec       0x78 .pio/build/bluepill/SrcWrapper/src/HAL/stm32yyxx_hal_adc.c.o
                0x080014ec                ADC_Enable
 .text.HAL_ADC_Start
                0x08001564       0xc4 .pio/build/bluepill/SrcWrapper/src/HAL/stm32yyxx_hal_adc.c.o
                0x08001564                HAL_ADC_Start
 .text.ADC_ConversionStop_Disable
                0x08001628       0x4c .pio/build/bluepill/SrcWrapper/src/HAL/stm32yyxx_hal_adc.c.o
                0x08001628                ADC_ConversionStop_Disable
 .text.HAL_ADC_Init
                0x08001674       0xfc .pio/build/bluepill/SrcWrapper/src/HAL/stm32yyxx_hal_adc.c.o
                0x08001674                HAL_ADC_Init
 .text.HAL_ADC_DeInit
                0x08001770       0xc0 .pio/build/bluepill/SrcWrapper/src/HAL/stm32yyxx_hal_adc.c.o
                0x08001770                HAL_ADC_DeInit
 .text.HAL_ADC_Stop
                0x08001830       0x34 .pio/build/bluepill/SrcWrapper/src/HAL/stm32yyxx_hal_adc.c.o
                0x08001830                HAL_ADC_Stop
 .text.HAL_ADCEx_Calibration_Start
                0x08001864       0xe0 .pio/build/bluepill/SrcWrapper/src/HAL/stm32yyxx_hal_adc_ex.c.o
                0x08001864                HAL_ADCEx_Calibration_Start
 .text.HAL_NVIC_SetPriorityGrouping
                0x08001944       0x24 .pio/build/bluepill/SrcWrapper/src/HAL/stm32yyxx_hal_cortex.c.o
                0x08001944                HAL_NVIC_SetPriorityGrouping
 .text.HAL_NVIC_SetPriority
                0x08001968       0x60 .pio/build/bluepill/SrcWrapper/src/HAL/stm32yyxx_hal_cortex.c.o
                0x08001968                HAL_NVIC_SetPriority
 .text.HAL_NVIC_EnableIRQ
                0x080019c8       0x1c .pio/build/bluepill/SrcWrapper/src/HAL/stm32yyxx_hal_cortex.c.o
                0x080019c8                HAL_NVIC_EnableIRQ
 .text.HAL_NVIC_DisableIRQ
                0x080019e4       0x24 .pio/build/bluepill/SrcWrapper/src/HAL/stm32yyxx_hal_cortex.c.o
                0x080019e4                HAL_NVIC_DisableIRQ
 .text.HAL_SYSTICK_Config
                0x08001a08       0x28 .pio/build/bluepill/SrcWrapper/src/HAL/stm32yyxx_hal_cortex.c.o
                0x08001a08                HAL_SYSTICK_Config
 .text.HAL_NVIC_ClearPendingIRQ
                0x08001a30       0x1c .pio/build/bluepill/SrcWrapper/src/HAL/stm32yyxx_hal_cortex.c.o
                0x08001a30                HAL_NVIC_ClearPendingIRQ
 .text.HAL_SYSTICK_Callback
                0x08001a4c        0x2 .pio/build/bluepill/SrcWrapper/src/HAL/stm32yyxx_hal_cortex.c.o
                0x08001a4c                HAL_SYSTICK_Callback
 .text.HAL_SYSTICK_IRQHandler
                0x08001a4e        0x8 .pio/build/bluepill/SrcWrapper/src/HAL/stm32yyxx_hal_cortex.c.o
                0x08001a4e                HAL_SYSTICK_IRQHandler
 .text.HAL_CRC_MspInit
                0x08001a56        0x2 .pio/build/bluepill/SrcWrapper/src/HAL/stm32yyxx_hal_crc.c.o
                0x08001a56                HAL_CRC_MspInit
 .text.HAL_CRC_Init
                0x08001a58       0x20 .pio/build/bluepill/SrcWrapper/src/HAL/stm32yyxx_hal_crc.c.o
                0x08001a58                HAL_CRC_Init
 .text.HAL_DMA_Abort
                0x08001a78       0x3e .pio/build/bluepill/SrcWrapper/src/HAL/stm32yyxx_hal_dma.c.o
                0x08001a78                HAL_DMA_Abort
 *fill*         0x08001ab6        0x2 
 .text.HAL_DMA_Abort_IT
                0x08001ab8       0x8c .pio/build/bluepill/SrcWrapper/src/HAL/stm32yyxx_hal_dma.c.o
                0x08001ab8                HAL_DMA_Abort_IT
 .text.HAL_DMA_GetState
                0x08001b44        0x6 .pio/build/bluepill/SrcWrapper/src/HAL/stm32yyxx_hal_dma.c.o
                0x08001b44                HAL_DMA_GetState
 *fill*         0x08001b4a        0x2 
 .text.HAL_GPIO_Init
                0x08001b4c      0x1b0 .pio/build/bluepill/SrcWrapper/src/HAL/stm32yyxx_hal_gpio.c.o
                0x08001b4c                HAL_GPIO_Init
 .text.HAL_GPIO_EXTI_IRQHandler
                0x08001cfc       0x18 .pio/build/bluepill/SrcWrapper/src/HAL/stm32yyxx_hal_gpio.c.o
                0x08001cfc                HAL_GPIO_EXTI_IRQHandler
 .text.I2C_WaitOnFlagUntilTimeout
                0x08001d14       0x80 .pio/build/bluepill/SrcWrapper/src/HAL/stm32yyxx_hal_i2c.c.o
 .text.HAL_I2C_MspInit
                0x08001d94        0x2 .pio/build/bluepill/SrcWrapper/src/HAL/stm32yyxx_hal_i2c.c.o
                0x08001d94                HAL_I2C_MspInit
 *fill*         0x08001d96        0x2 
 .text.HAL_I2C_Init
                0x08001d98      0x14c .pio/build/bluepill/SrcWrapper/src/HAL/stm32yyxx_hal_i2c.c.o
                0x08001d98                HAL_I2C_Init
 .text.HAL_I2C_MspDeInit
                0x08001ee4        0x2 .pio/build/bluepill/SrcWrapper/src/HAL/stm32yyxx_hal_i2c.c.o
                0x08001ee4                HAL_I2C_MspDeInit
 .text.HAL_I2C_DeInit
                0x08001ee6       0x32 .pio/build/bluepill/SrcWrapper/src/HAL/stm32yyxx_hal_i2c.c.o
                0x08001ee6                HAL_I2C_DeInit
 .text.HAL_I2C_IsDeviceReady
                0x08001f18      0x160 .pio/build/bluepill/SrcWrapper/src/HAL/stm32yyxx_hal_i2c.c.o
                0x08001f18                HAL_I2C_IsDeviceReady
 .text.HAL_I2C_Master_Seq_Transmit_IT
                0x08002078       0xd0 .pio/build/bluepill/SrcWrapper/src/HAL/stm32yyxx_hal_i2c.c.o
                0x08002078                HAL_I2C_Master_Seq_Transmit_IT
 .text.HAL_I2C_Slave_Seq_Transmit_IT
                0x08002148       0x76 .pio/build/bluepill/SrcWrapper/src/HAL/stm32yyxx_hal_i2c.c.o
                0x08002148                HAL_I2C_Slave_Seq_Transmit_IT
 .text.HAL_I2C_Slave_Seq_Receive_IT
                0x080021be       0x76 .pio/build/bluepill/SrcWrapper/src/HAL/stm32yyxx_hal_i2c.c.o
                0x080021be                HAL_I2C_Slave_Seq_Receive_IT
 .text.HAL_I2C_EnableListen_IT
                0x08002234       0x36 .pio/build/bluepill/SrcWrapper/src/HAL/stm32yyxx_hal_i2c.c.o
                0x08002234                HAL_I2C_EnableListen_IT
 .text.HAL_I2C_MasterTxCpltCallback
                0x0800226a        0x2 .pio/build/bluepill/SrcWrapper/src/HAL/stm32yyxx_hal_i2c.c.o
                0x0800226a                HAL_I2C_MasterTxCpltCallback
 .text.HAL_I2C_MasterRxCpltCallback
                0x0800226c        0x2 .pio/build/bluepill/SrcWrapper/src/HAL/stm32yyxx_hal_i2c.c.o
                0x0800226c                HAL_I2C_MasterRxCpltCallback
 .text.HAL_I2C_MemTxCpltCallback
                0x0800226e        0x2 .pio/build/bluepill/SrcWrapper/src/HAL/stm32yyxx_hal_i2c.c.o
                0x0800226e                HAL_I2C_MemTxCpltCallback
 .text.I2C_MemoryTransmit_TXE_BTF
                0x08002270       0xb6 .pio/build/bluepill/SrcWrapper/src/HAL/stm32yyxx_hal_i2c.c.o
 .text.HAL_I2C_MemRxCpltCallback
                0x08002326        0x2 .pio/build/bluepill/SrcWrapper/src/HAL/stm32yyxx_hal_i2c.c.o
                0x08002326                HAL_I2C_MemRxCpltCallback
 .text.HAL_I2C_AbortCpltCallback
                0x08002328        0x2 .pio/build/bluepill/SrcWrapper/src/HAL/stm32yyxx_hal_i2c.c.o
                0x08002328                HAL_I2C_AbortCpltCallback
 *fill*         0x0800232a        0x2 
 .text.I2C_DMAAbort
                0x0800232c       0xe4 .pio/build/bluepill/SrcWrapper/src/HAL/stm32yyxx_hal_i2c.c.o
 .text.I2C_ITError
                0x08002410      0x15c .pio/build/bluepill/SrcWrapper/src/HAL/stm32yyxx_hal_i2c.c.o
 .text.HAL_I2C_EV_IRQHandler
                0x0800256c      0x8b8 .pio/build/bluepill/SrcWrapper/src/HAL/stm32yyxx_hal_i2c.c.o
                0x0800256c                HAL_I2C_EV_IRQHandler
 .text.HAL_I2C_ER_IRQHandler
                0x08002e24      0x160 .pio/build/bluepill/SrcWrapper/src/HAL/stm32yyxx_hal_i2c.c.o
                0x08002e24                HAL_I2C_ER_IRQHandler
 .text.HAL_I2C_GetState
                0x08002f84        0x6 .pio/build/bluepill/SrcWrapper/src/HAL/stm32yyxx_hal_i2c.c.o
                0x08002f84                HAL_I2C_GetState
 .text.HAL_I2C_GetError
                0x08002f8a        0x4 .pio/build/bluepill/SrcWrapper/src/HAL/stm32yyxx_hal_i2c.c.o
                0x08002f8a                HAL_I2C_GetError
 *fill*         0x08002f8e        0x2 
 .text.HAL_RCC_OscConfig
                0x08002f90      0x338 .pio/build/bluepill/SrcWrapper/src/HAL/stm32yyxx_hal_rcc.c.o
                0x08002f90                HAL_RCC_OscConfig
 .text.HAL_RCC_GetSysClockFreq
                0x080032c8       0x4c .pio/build/bluepill/SrcWrapper/src/HAL/stm32yyxx_hal_rcc.c.o
                0x080032c8                HAL_RCC_GetSysClockFreq
 .text.HAL_RCC_ClockConfig
                0x08003314      0x138 .pio/build/bluepill/SrcWrapper/src/HAL/stm32yyxx_hal_rcc.c.o
                0x08003314                HAL_RCC_ClockConfig
 .text.HAL_RCC_GetPCLK1Freq
                0x0800344c       0x20 .pio/build/bluepill/SrcWrapper/src/HAL/stm32yyxx_hal_rcc.c.o
                0x0800344c                HAL_RCC_GetPCLK1Freq
 .text.HAL_RCC_GetPCLK2Freq
                0x0800346c       0x20 .pio/build/bluepill/SrcWrapper/src/HAL/stm32yyxx_hal_rcc.c.o
                0x0800346c                HAL_RCC_GetPCLK2Freq
 .text.HAL_RCC_GetClockConfig
                0x0800348c       0x3c .pio/build/bluepill/SrcWrapper/src/HAL/stm32yyxx_hal_rcc.c.o
                0x0800348c                HAL_RCC_GetClockConfig
 .text.HAL_RCCEx_PeriphCLKConfig
                0x080034c8       0xf4 .pio/build/bluepill/SrcWrapper/src/HAL/stm32yyxx_hal_rcc_ex.c.o
                0x080034c8                HAL_RCCEx_PeriphCLKConfig
 .text.HAL_RCCEx_GetPeriphCLKFreq
                0x080035bc       0xbc .pio/build/bluepill/SrcWrapper/src/HAL/stm32yyxx_hal_rcc_ex.c.o
                0x080035bc                HAL_RCCEx_GetPeriphCLKFreq
 .text.TIM_OC1_SetConfig
                0x08003678       0x50 .pio/build/bluepill/SrcWrapper/src/HAL/stm32yyxx_hal_tim.c.o
 .text.TIM_OC3_SetConfig
                0x080036c8       0x54 .pio/build/bluepill/SrcWrapper/src/HAL/stm32yyxx_hal_tim.c.o
 .text.TIM_OC4_SetConfig
                0x0800371c       0x44 .pio/build/bluepill/SrcWrapper/src/HAL/stm32yyxx_hal_tim.c.o
 .text.HAL_TIM_Base_Start
                0x08003760       0x4c .pio/build/bluepill/SrcWrapper/src/HAL/stm32yyxx_hal_tim.c.o
                0x08003760                HAL_TIM_Base_Start
 .text.HAL_TIM_GenerateEvent
                0x080037ac       0x24 .pio/build/bluepill/SrcWrapper/src/HAL/stm32yyxx_hal_tim.c.o
                0x080037ac                HAL_TIM_GenerateEvent
 .text.HAL_TIM_PWM_PulseFinishedCallback
                0x080037d0        0x2 .pio/build/bluepill/SrcWrapper/src/HAL/stm32yyxx_hal_tim.c.o
                0x080037d0                HAL_TIM_PWM_PulseFinishedCallback
 .text.HAL_TIM_TriggerCallback
                0x080037d2        0x2 .pio/build/bluepill/SrcWrapper/src/HAL/stm32yyxx_hal_tim.c.o
                0x080037d2                HAL_TIM_TriggerCallback
 .text.HAL_TIM_IRQHandler
                0x080037d4      0x144 .pio/build/bluepill/SrcWrapper/src/HAL/stm32yyxx_hal_tim.c.o
                0x080037d4                HAL_TIM_IRQHandler
 .text.TIM_Base_SetConfig
                0x08003918       0x54 .pio/build/bluepill/SrcWrapper/src/HAL/stm32yyxx_hal_tim.c.o
                0x08003918                TIM_Base_SetConfig
 .text.HAL_TIM_Base_Init
                0x0800396c       0x58 .pio/build/bluepill/SrcWrapper/src/HAL/stm32yyxx_hal_tim.c.o
                0x0800396c                HAL_TIM_Base_Init
 .text.TIM_OC2_SetConfig
                0x080039c4       0x58 .pio/build/bluepill/SrcWrapper/src/HAL/stm32yyxx_hal_tim.c.o
                0x080039c4                TIM_OC2_SetConfig
 .text.HAL_TIM_OC_ConfigChannel
                0x08003a1c       0x4c .pio/build/bluepill/SrcWrapper/src/HAL/stm32yyxx_hal_tim.c.o
                0x08003a1c                HAL_TIM_OC_ConfigChannel
 .text.HAL_TIM_PWM_ConfigChannel
                0x08003a68       0xb0 .pio/build/bluepill/SrcWrapper/src/HAL/stm32yyxx_hal_tim.c.o
                0x08003a68                HAL_TIM_PWM_ConfigChannel
 .text.TIM_TI1_SetConfig
                0x08003b18       0x54 .pio/build/bluepill/SrcWrapper/src/HAL/stm32yyxx_hal_tim.c.o
                0x08003b18                TIM_TI1_SetConfig
 .text.HAL_TIM_IC_ConfigChannel
                0x08003b6c      0x124 .pio/build/bluepill/SrcWrapper/src/HAL/stm32yyxx_hal_tim.c.o
                0x08003b6c                HAL_TIM_IC_ConfigChannel
 .text.TIM_CCxChannelCmd
                0x08003c90       0x1c .pio/build/bluepill/SrcWrapper/src/HAL/stm32yyxx_hal_tim.c.o
                0x08003c90                TIM_CCxChannelCmd
 .text.HAL_TIM_OC_Start
                0x08003cac       0x98 .pio/build/bluepill/SrcWrapper/src/HAL/stm32yyxx_hal_tim.c.o
                0x08003cac                HAL_TIM_OC_Start
 .text.HAL_TIM_PWM_Start
                0x08003d44        0x4 .pio/build/bluepill/SrcWrapper/src/HAL/stm32yyxx_hal_tim.c.o
                0x08003d44                HAL_TIM_PWM_Start
 .text.HAL_TIM_IC_Start
                0x08003d48       0xd0 .pio/build/bluepill/SrcWrapper/src/HAL/stm32yyxx_hal_tim.c.o
                0x08003d48                HAL_TIM_IC_Start
 .text.TIM_CCxNChannelCmd
                0x08003e18       0x1c .pio/build/bluepill/SrcWrapper/src/HAL/stm32yyxx_hal_tim_ex.c.o
 .text.HAL_TIMEx_OCN_Start
                0x08003e34       0x94 .pio/build/bluepill/SrcWrapper/src/HAL/stm32yyxx_hal_tim_ex.c.o
                0x08003e34                HAL_TIMEx_OCN_Start
 .text.HAL_TIMEx_PWMN_Start
                0x08003ec8        0x4 .pio/build/bluepill/SrcWrapper/src/HAL/stm32yyxx_hal_tim_ex.c.o
                0x08003ec8                HAL_TIMEx_PWMN_Start
 .text.HAL_TIMEx_CommutCallback
                0x08003ecc        0x2 .pio/build/bluepill/SrcWrapper/src/HAL/stm32yyxx_hal_tim_ex.c.o
                0x08003ecc                HAL_TIMEx_CommutCallback
 .text.HAL_TIMEx_BreakCallback
                0x08003ece        0x2 .pio/build/bluepill/SrcWrapper/src/HAL/stm32yyxx_hal_tim_ex.c.o
                0x08003ece                HAL_TIMEx_BreakCallback
 .text.UART_EndRxTransfer
                0x08003ed0       0x5c .pio/build/bluepill/SrcWrapper/src/HAL/stm32yyxx_hal_uart.c.o
 .text.HAL_UART_Transmit_IT
                0x08003f2c       0x32 .pio/build/bluepill/SrcWrapper/src/HAL/stm32yyxx_hal_uart.c.o
                0x08003f2c                HAL_UART_Transmit_IT
 .text.UART_DMAAbortOnError
                0x08003f5e       0x10 .pio/build/bluepill/SrcWrapper/src/HAL/stm32yyxx_hal_uart.c.o
 .text.HAL_UARTEx_RxEventCallback
                0x08003f6e        0x2 .pio/build/bluepill/SrcWrapper/src/HAL/stm32yyxx_hal_uart.c.o
                0x08003f6e                HAL_UARTEx_RxEventCallback
 .text.UART_Receive_IT.isra.0
                0x08003f70       0xb6 .pio/build/bluepill/SrcWrapper/src/HAL/stm32yyxx_hal_uart.c.o
 *fill*         0x08004026        0x2 
 .text.HAL_UART_IRQHandler
                0x08004028      0x2d8 .pio/build/bluepill/SrcWrapper/src/HAL/stm32yyxx_hal_uart.c.o
                0x08004028                HAL_UART_IRQHandler
 .text.HAL_HalfDuplex_EnableTransmitter
                0x08004300       0x30 .pio/build/bluepill/SrcWrapper/src/HAL/stm32yyxx_hal_uart.c.o
                0x08004300                HAL_HalfDuplex_EnableTransmitter
 .text.HAL_HalfDuplex_EnableReceiver
                0x08004330       0x30 .pio/build/bluepill/SrcWrapper/src/HAL/stm32yyxx_hal_uart.c.o
                0x08004330                HAL_HalfDuplex_EnableReceiver
 .text.HAL_UART_GetState
                0x08004360        0xc .pio/build/bluepill/SrcWrapper/src/HAL/stm32yyxx_hal_uart.c.o
                0x08004360                HAL_UART_GetState
 .text.UART_Start_Receive_IT
                0x0800436c       0x32 .pio/build/bluepill/SrcWrapper/src/HAL/stm32yyxx_hal_uart.c.o
                0x0800436c                UART_Start_Receive_IT
 .text.HAL_UART_Receive_IT
                0x0800439e       0x22 .pio/build/bluepill/SrcWrapper/src/HAL/stm32yyxx_hal_uart.c.o
                0x0800439e                HAL_UART_Receive_IT
 .text._ZNSt8functionIFvvEEaSEDn.isra.0
                0x080043c0       0x16 .pio/build/bluepill/SrcWrapper/src/HardwareTimer.cpp.o
 .text._ZNSt14_Function_baseD2Ev
                0x080043d6       0x12 .pio/build/bluepill/SrcWrapper/src/HardwareTimer.cpp.o
                0x080043d6                std::_Function_base::~_Function_base()
                0x080043d6                std::_Function_base::~_Function_base()
 .text._ZN13HardwareTimer10getChannelEm
                0x080043e8       0x10 .pio/build/bluepill/SrcWrapper/src/HardwareTimer.cpp.o
                0x080043e8                HardwareTimer::getChannel(unsigned long)
 .text._ZN13HardwareTimer12getLLChannelEm
                0x080043f8       0x28 .pio/build/bluepill/SrcWrapper/src/HardwareTimer.cpp.o
                0x080043f8                HardwareTimer::getLLChannel(unsigned long)
 .text._ZN13HardwareTimer5getITEm
                0x08004420       0x14 .pio/build/bluepill/SrcWrapper/src/HardwareTimer.cpp.o
                0x08004420                HardwareTimer::getIT(unsigned long)
 .text._ZN13HardwareTimer20getAssociatedChannelEm
                0x08004434       0x14 .pio/build/bluepill/SrcWrapper/src/HardwareTimer.cpp.o
                0x08004434                HardwareTimer::getAssociatedChannel(unsigned long)
 .text._ZN13HardwareTimer13resumeChannelEm
                0x08004448       0xf4 .pio/build/bluepill/SrcWrapper/src/HardwareTimer.cpp.o
                0x08004448                HardwareTimer::resumeChannel(unsigned long)
 .text._ZN13HardwareTimer6resumeEv
                0x0800453c       0x42 .pio/build/bluepill/SrcWrapper/src/HardwareTimer.cpp.o
                0x0800453c                HardwareTimer::resume()
 *fill*         0x0800457e        0x2 
 .text._ZN13HardwareTimer7setModeEm12TimerModes_t7PinName20ChannelInputFilter_t
                0x08004580      0x164 .pio/build/bluepill/SrcWrapper/src/HardwareTimer.cpp.o
                0x08004580                HardwareTimer::setMode(unsigned long, TimerModes_t, PinName, ChannelInputFilter_t)
 .text._ZN13HardwareTimer7getModeEm
                0x080046e4       0x10 .pio/build/bluepill/SrcWrapper/src/HardwareTimer.cpp.o
                0x080046e4                HardwareTimer::getMode(unsigned long)
 .text._ZN13HardwareTimer7refreshEv
                0x080046f4        0x8 .pio/build/bluepill/SrcWrapper/src/HardwareTimer.cpp.o
                0x080046f4                HardwareTimer::refresh()
 .text._ZN13HardwareTimer9isRunningEv
                0x080046fc        0xa .pio/build/bluepill/SrcWrapper/src/HardwareTimer.cpp.o
                0x080046fc                HardwareTimer::isRunning()
 .text._ZN13HardwareTimer27updateRegistersIfNotRunningEP11TIM_TypeDef
                0x08004706       0x3a .pio/build/bluepill/SrcWrapper/src/HardwareTimer.cpp.o
                0x08004706                HardwareTimer::updateRegistersIfNotRunning(TIM_TypeDef*)
 .text._Z15get_timer_indexP11TIM_TypeDef
                0x08004740       0x38 .pio/build/bluepill/SrcWrapper/src/HardwareTimer.cpp.o
                0x08004740                get_timer_index(TIM_TypeDef*)
 .text._ZN13HardwareTimerD2Ev
                0x08004778       0x40 .pio/build/bluepill/SrcWrapper/src/HardwareTimer.cpp.o
                0x08004778                HardwareTimer::~HardwareTimer()
                0x08004778                HardwareTimer::~HardwareTimer()
 .text._ZN13HardwareTimer5setupEP11TIM_TypeDef
                0x080047b8       0x90 .pio/build/bluepill/SrcWrapper/src/HardwareTimer.cpp.o
                0x080047b8                HardwareTimer::setup(TIM_TypeDef*)
 .text._ZN13HardwareTimer15getTimerClkFreqEv
                0x08004848       0x58 .pio/build/bluepill/SrcWrapper/src/HardwareTimer.cpp.o
                0x08004848                HardwareTimer::getTimerClkFreq()
 .text._ZN13HardwareTimer11setOverflowEm13TimerFormat_t
                0x080048a0       0x4c .pio/build/bluepill/SrcWrapper/src/HardwareTimer.cpp.o
                0x080048a0                HardwareTimer::setOverflow(unsigned long, TimerFormat_t)
 .text._ZN13HardwareTimer17setCaptureCompareEmm20TimerCompareFormat_t
                0x080048ec       0xa4 .pio/build/bluepill/SrcWrapper/src/HardwareTimer.cpp.o
                0x080048ec                HardwareTimer::setCaptureCompare(unsigned long, unsigned long, TimerCompareFormat_t)
 .text.TIM1_UP_IRQHandler
                0x08004990       0x14 .pio/build/bluepill/SrcWrapper/src/HardwareTimer.cpp.o
                0x08004990                TIM1_UP_IRQHandler
 .text.TIM1_CC_IRQHandler
                0x080049a4        0x4 .pio/build/bluepill/SrcWrapper/src/HardwareTimer.cpp.o
                0x080049a4                TIM1_CC_IRQHandler
 .text.TIM2_IRQHandler
                0x080049a8       0x14 .pio/build/bluepill/SrcWrapper/src/HardwareTimer.cpp.o
                0x080049a8                TIM2_IRQHandler
 .text.TIM3_IRQHandler
                0x080049bc       0x14 .pio/build/bluepill/SrcWrapper/src/HardwareTimer.cpp.o
                0x080049bc                TIM3_IRQHandler
 .text.TIM4_IRQHandler
                0x080049d0       0x14 .pio/build/bluepill/SrcWrapper/src/HardwareTimer.cpp.o
                0x080049d0                TIM4_IRQHandler
 .text._ZNSt8functionIFvvEEC2Ev
                0x080049e4        0xc .pio/build/bluepill/SrcWrapper/src/HardwareTimer.cpp.o
                0x080049e4                std::function<void ()>::function()
                0x080049e4                std::function<void ()>::function()
 .text._ZN13HardwareTimerC2EP11TIM_TypeDef
                0x080049f0       0x2a .pio/build/bluepill/SrcWrapper/src/HardwareTimer.cpp.o
                0x080049f0                HardwareTimer::HardwareTimer(TIM_TypeDef*)
                0x080049f0                HardwareTimer::HardwareTimer(TIM_TypeDef*)
 .text._ZNSt8functionIFvvEEC2ERKS1_
                0x08004a1a       0x24 .pio/build/bluepill/SrcWrapper/src/HardwareTimer.cpp.o
                0x08004a1a                std::function<void ()>::function(std::function<void ()> const&)
                0x08004a1a                std::function<void ()>::function(std::function<void ()> const&)
 .text._ZNKSt8functionIFvvEEclEv
                0x08004a3e       0x12 .pio/build/bluepill/SrcWrapper/src/HardwareTimer.cpp.o
                0x08004a3e                std::function<void ()>::operator()() const
 .text._ZN13HardwareTimer14updateCallbackEP17TIM_HandleTypeDef
                0x08004a50       0x18 .pio/build/bluepill/SrcWrapper/src/HardwareTimer.cpp.o
                0x08004a50                HardwareTimer::updateCallback(TIM_HandleTypeDef*)
 .text.HAL_TIM_PeriodElapsedCallback
                0x08004a68        0x4 .pio/build/bluepill/SrcWrapper/src/HardwareTimer.cpp.o
                0x08004a68                HAL_TIM_PeriodElapsedCallback
 .text._ZN13HardwareTimer22captureCompareCallbackEP17TIM_HandleTypeDef
                0x08004a6c       0x3e .pio/build/bluepill/SrcWrapper/src/HardwareTimer.cpp.o
                0x08004a6c                HardwareTimer::captureCompareCallback(TIM_HandleTypeDef*)
 .text.HAL_TIM_OC_DelayElapsedCallback
                0x08004aaa        0x4 .pio/build/bluepill/SrcWrapper/src/HardwareTimer.cpp.o
                0x08004aaa                HAL_TIM_OC_DelayElapsedCallback
 .text.HAL_TIM_IC_CaptureCallback
                0x08004aae        0x4 .pio/build/bluepill/SrcWrapper/src/HardwareTimer.cpp.o
                0x08004aae                HAL_TIM_IC_CaptureCallback
 .text._Znwj    0x08004ab2        0x4 .pio/build/bluepill/SrcWrapper/src/new.cpp.o
                0x08004ab2                operator new(unsigned int)
 .text._ZdlPvj  0x08004ab6        0x4 .pio/build/bluepill/SrcWrapper/src/new.cpp.o
                0x08004ab6                operator delete(void*, unsigned int)
 *fill*         0x08004aba        0x2 
 .text.set_GPIO_Port_Clock
                0x08004abc       0xa8 .pio/build/bluepill/SrcWrapper/src/stm32/PortNames.c.o
                0x08004abc                set_GPIO_Port_Clock
 .text.get_adc_channel
                0x08004b64       0x18 .pio/build/bluepill/SrcWrapper/src/stm32/analog.cpp.o
                0x08004b64                get_adc_channel
 .text.get_adc_internal_channel
                0x08004b7c       0x1a .pio/build/bluepill/SrcWrapper/src/stm32/analog.cpp.o
                0x08004b7c                get_adc_internal_channel
 *fill*         0x08004b96        0x2 
 .text.HAL_ADC_MspInit
                0x08004b98       0x64 .pio/build/bluepill/SrcWrapper/src/stm32/analog.cpp.o
                0x08004b98                HAL_ADC_MspInit
 .text.HAL_ADC_MspDeInit
                0x08004bfc       0x58 .pio/build/bluepill/SrcWrapper/src/stm32/analog.cpp.o
                0x08004bfc                HAL_ADC_MspDeInit
 .text.adc_read_value
                0x08004c54      0x100 .pio/build/bluepill/SrcWrapper/src/stm32/analog.cpp.o
                0x08004c54                adc_read_value
 .text.pwm_start
                0x08004d54       0xa4 .pio/build/bluepill/SrcWrapper/src/stm32/analog.cpp.o
                0x08004d54                pwm_start
 .text.pwm_stop
                0x08004df8       0x5c .pio/build/bluepill/SrcWrapper/src/stm32/analog.cpp.o
                0x08004df8                pwm_stop
 .text.getCurrentMillis
                0x08004e54        0x4 .pio/build/bluepill/SrcWrapper/src/stm32/clock.c.o
                0x08004e54                getCurrentMillis
 .text.noOsSystickHandler
                0x08004e58        0x2 .pio/build/bluepill/SrcWrapper/src/stm32/clock.c.o
                0x08004e58                noOsSystickHandler
                0x08004e58                osSystickHandler
 .text.SysTick_Handler
                0x08004e5a       0x10 .pio/build/bluepill/SrcWrapper/src/stm32/clock.c.o
                0x08004e5a                SysTick_Handler
 .text.configHSECapacitorTuning
                0x08004e6a        0x2 .pio/build/bluepill/SrcWrapper/src/stm32/clock.c.o
                0x08004e6a                configHSECapacitorTuning
 .text.configIPClock
                0x08004e6c       0x44 .pio/build/bluepill/SrcWrapper/src/stm32/clock.c.o
                0x08004e6c                configIPClock
 .text.dwt_init
                0x08004eb0       0x3c .pio/build/bluepill/SrcWrapper/src/stm32/dwt.c.o
                0x08004eb0                dwt_init
 .text.hw_config_init
                0x08004eec       0x24 .pio/build/bluepill/SrcWrapper/src/stm32/hw_config.c.o
                0x08004eec                hw_config_init
 .text._ZNSt17_Function_handlerIFvvEPS0_E10_M_managerERSt9_Any_dataRKS3_St18_Manager_operation
                0x08004f10       0x20 .pio/build/bluepill/SrcWrapper/src/stm32/interrupt.cpp.o
                0x08004f10                std::_Function_handler<void (), void (*)()>::_M_manager(std::_Any_data&, std::_Any_data const&, std::_Manager_operation)
 .text._ZNSt17_Function_handlerIFvvEPS0_E9_M_invokeERKSt9_Any_data
                0x08004f30        0x4 .pio/build/bluepill/SrcWrapper/src/stm32/interrupt.cpp.o
                0x08004f30                std::_Function_handler<void (), void (*)()>::_M_invoke(std::_Any_data const&)
 .text.startup._ZNSt8functionIFvvEEC2EDn.constprop.0.isra.0
                0x08004f34        0xc .pio/build/bluepill/SrcWrapper/src/stm32/interrupt.cpp.o
 .text.HAL_GPIO_EXTI_Callback
                0x08004f40       0x2c .pio/build/bluepill/SrcWrapper/src/stm32/interrupt.cpp.o
                0x08004f40                HAL_GPIO_EXTI_Callback
 .text.EXTI0_IRQHandler
                0x08004f6c        0x6 .pio/build/bluepill/SrcWrapper/src/stm32/interrupt.cpp.o
                0x08004f6c                EXTI0_IRQHandler
 .text.EXTI1_IRQHandler
                0x08004f72        0x6 .pio/build/bluepill/SrcWrapper/src/stm32/interrupt.cpp.o
                0x08004f72                EXTI1_IRQHandler
 .text.EXTI2_IRQHandler
                0x08004f78        0x6 .pio/build/bluepill/SrcWrapper/src/stm32/interrupt.cpp.o
                0x08004f78                EXTI2_IRQHandler
 .text.EXTI3_IRQHandler
                0x08004f7e        0x6 .pio/build/bluepill/SrcWrapper/src/stm32/interrupt.cpp.o
                0x08004f7e                EXTI3_IRQHandler
 .text.EXTI4_IRQHandler
                0x08004f84        0x6 .pio/build/bluepill/SrcWrapper/src/stm32/interrupt.cpp.o
                0x08004f84                EXTI4_IRQHandler
 .text.EXTI9_5_IRQHandler
                0x08004f8a       0x16 .pio/build/bluepill/SrcWrapper/src/stm32/interrupt.cpp.o
                0x08004f8a                EXTI9_5_IRQHandler
 .text.EXTI15_10_IRQHandler
                0x08004fa0       0x18 .pio/build/bluepill/SrcWrapper/src/stm32/interrupt.cpp.o
                0x08004fa0                EXTI15_10_IRQHandler
 .text._Z22stm32_interrupt_enableP12GPIO_TypeDeftSt8functionIFvvEEm
                0x08004fb8       0xf0 .pio/build/bluepill/SrcWrapper/src/stm32/interrupt.cpp.o
                0x08004fb8                stm32_interrupt_enable(GPIO_TypeDef*, unsigned short, std::function<void ()>, unsigned long)
 .text.startup._GLOBAL__sub_I__Z22stm32_interrupt_enableP12GPIO_TypeDeftSt8functionIFvvEEm
                0x080050a8       0xd8 .pio/build/bluepill/SrcWrapper/src/stm32/interrupt.cpp.o
 .text.exit._GLOBAL__sub_D__Z22stm32_interrupt_enableP12GPIO_TypeDeftSt8functionIFvvEEm
                0x08005180       0x1c .pio/build/bluepill/SrcWrapper/src/stm32/interrupt.cpp.o
 .text.pin_SetF1AFPin
                0x0800519c      0x1f8 .pio/build/bluepill/SrcWrapper/src/stm32/pinmap.c.o
 .text.LL_GPIO_SetPinMode
                0x08005394       0x2c .pio/build/bluepill/SrcWrapper/src/stm32/pinmap.c.o
 .text.LL_GPIO_SetPinOutputType
                0x080053c0       0x2c .pio/build/bluepill/SrcWrapper/src/stm32/pinmap.c.o
 .text.pin_in_pinmap
                0x080053ec       0x1e .pio/build/bluepill/SrcWrapper/src/stm32/pinmap.c.o
                0x080053ec                pin_in_pinmap
 *fill*         0x0800540a        0x2 
 .text.pin_function
                0x0800540c      0x18c .pio/build/bluepill/SrcWrapper/src/stm32/pinmap.c.o
                0x0800540c                pin_function
 .text.pinmap_pinout
                0x08005598       0x1a .pio/build/bluepill/SrcWrapper/src/stm32/pinmap.c.o
                0x08005598                pinmap_pinout
 .text.pinmap_find_peripheral
                0x080055b2       0x16 .pio/build/bluepill/SrcWrapper/src/stm32/pinmap.c.o
                0x080055b2                pinmap_find_peripheral
 .text.pinmap_peripheral
                0x080055c8        0xc .pio/build/bluepill/SrcWrapper/src/stm32/pinmap.c.o
                0x080055c8                pinmap_peripheral
 .text.pinmap_find_pin
                0x080055d4       0x16 .pio/build/bluepill/SrcWrapper/src/stm32/pinmap.c.o
                0x080055d4                pinmap_find_pin
 .text.pinmap_pin
                0x080055ea        0xc .pio/build/bluepill/SrcWrapper/src/stm32/pinmap.c.o
                0x080055ea                pinmap_pin
 .text.pinmap_find_function
                0x080055f6       0x16 .pio/build/bluepill/SrcWrapper/src/stm32/pinmap.c.o
                0x080055f6                pinmap_find_function
 .text.pinmap_function
                0x0800560c        0xa .pio/build/bluepill/SrcWrapper/src/stm32/pinmap.c.o
                0x0800560c                pinmap_function
 .text.pinmap_merge_peripheral
                0x08005616       0x14 .pio/build/bluepill/SrcWrapper/src/stm32/pinmap.c.o
                0x08005616                pinmap_merge_peripheral
 *fill*         0x0800562a        0x2 
 .text.SystemInit
                0x0800562c       0x4c .pio/build/bluepill/SrcWrapper/src/stm32/system_stm32yyxx.c.o
                0x0800562c                SystemInit
 .text.get_timer_obj
                0x08005678        0x4 .pio/build/bluepill/SrcWrapper/src/stm32/timer.c.o
                0x08005678                get_timer_obj
 .text.enableTimerClock
                0x0800567c       0x88 .pio/build/bluepill/SrcWrapper/src/stm32/timer.c.o
                0x0800567c                enableTimerClock
 .text.disableTimerClock
                0x08005704       0x5c .pio/build/bluepill/SrcWrapper/src/stm32/timer.c.o
                0x08005704                disableTimerClock
 .text.getTimerUpIrq
                0x08005760       0x40 .pio/build/bluepill/SrcWrapper/src/stm32/timer.c.o
                0x08005760                getTimerUpIrq
 .text.getTimerCCIrq
                0x080057a0       0x40 .pio/build/bluepill/SrcWrapper/src/stm32/timer.c.o
                0x080057a0                getTimerCCIrq
 .text.HAL_TIM_Base_MspInit
                0x080057e0       0x4e .pio/build/bluepill/SrcWrapper/src/stm32/timer.c.o
                0x080057e0                HAL_TIM_Base_MspInit
 *fill*         0x0800582e        0x2 
 .text.getTimerClkSrc
                0x08005830       0x34 .pio/build/bluepill/SrcWrapper/src/stm32/timer.c.o
                0x08005830                getTimerClkSrc
 .text.getTimerChannel
                0x08005864       0x20 .pio/build/bluepill/SrcWrapper/src/stm32/timer.c.o
                0x08005864                getTimerChannel
 .text.serial_rx_active
                0x08005884       0x24 .pio/build/bluepill/SrcWrapper/src/stm32/uart.c.o
                0x08005884                serial_rx_active
 .text.serial_tx_active
                0x080058a8       0x24 .pio/build/bluepill/SrcWrapper/src/stm32/uart.c.o
                0x080058a8                serial_tx_active
 .text.uart_attach_tx_callback
                0x080058cc       0x40 .pio/build/bluepill/SrcWrapper/src/stm32/uart.c.o
                0x080058cc                uart_attach_tx_callback
 .text.uart_enable_tx
                0x0800590c       0x1c .pio/build/bluepill/SrcWrapper/src/stm32/uart.c.o
                0x0800590c                uart_enable_tx
 .text.uart_enable_rx
                0x08005928       0x1c .pio/build/bluepill/SrcWrapper/src/stm32/uart.c.o
                0x08005928                uart_enable_rx
 .text.HAL_UART_RxCpltCallback
                0x08005944        0x6 .pio/build/bluepill/SrcWrapper/src/stm32/uart.c.o
                0x08005944                HAL_UART_RxCpltCallback
 .text.HAL_UART_TxCpltCallback
                0x0800594a        0x6 .pio/build/bluepill/SrcWrapper/src/stm32/uart.c.o
                0x0800594a                HAL_UART_TxCpltCallback
 .text.HAL_UART_ErrorCallback
                0x08005950       0x7c .pio/build/bluepill/SrcWrapper/src/stm32/uart.c.o
                0x08005950                HAL_UART_ErrorCallback
 .text.USART1_IRQHandler
                0x080059cc       0x18 .pio/build/bluepill/SrcWrapper/src/stm32/uart.c.o
                0x080059cc                USART1_IRQHandler
 .text.USART2_IRQHandler
                0x080059e4       0x1c .pio/build/bluepill/SrcWrapper/src/stm32/uart.c.o
                0x080059e4                USART2_IRQHandler
 .text.USART3_IRQHandler
                0x08005a00       0x1c .pio/build/bluepill/SrcWrapper/src/stm32/uart.c.o
                0x08005a00                USART3_IRQHandler
 .text._sbrk    0x08005a1c       0x3c .pio/build/bluepill/SrcWrapper/src/syscalls.c.o
                0x08005a1c                _sbrk
 .text._exit    0x08005a58        0x2 .pio/build/bluepill/SrcWrapper/src/syscalls.c.o
                0x08005a58                _exit
 *fill*         0x08005a5a        0x2 
 .text._kill    0x08005a5c       0x10 .pio/build/bluepill/SrcWrapper/src/syscalls.c.o
                0x08005a5c                _kill
 .text._getpid  0x08005a6c        0x4 .pio/build/bluepill/SrcWrapper/src/syscalls.c.o
                0x08005a6c                _getpid
 .text.setup    0x08005a70      0x1c0 .pio/build/bluepill/src/main.cpp.o
                0x08005a70                setup
 .text.loop     0x08005c30       0x9c .pio/build/bluepill/src/main.cpp.o
                0x08005c30                loop
 .text.startup._GLOBAL__sub_I_lcd
                0x08005ccc       0x10 .pio/build/bluepill/src/main.cpp.o
 .text._ZN5Print17availableForWriteEv
                0x08005cdc        0x4 .pio/build/bluepill/libd32/libLiquidCrystal_I2C-1.1.2.a(LiquidCrystal_I2C.cpp.o)
                0x08005cdc                Print::availableForWrite()
 .text._ZN5Print5flushEv
                0x08005ce0        0x2 .pio/build/bluepill/libd32/libLiquidCrystal_I2C-1.1.2.a(LiquidCrystal_I2C.cpp.o)
                0x08005ce0                Print::flush()
 *fill*         0x08005ce2        0x2 
 .text._ZN17LiquidCrystal_I2CC2Ehhh
                0x08005ce4       0x18 .pio/build/bluepill/libd32/libLiquidCrystal_I2C-1.1.2.a(LiquidCrystal_I2C.cpp.o)
                0x08005ce4                LiquidCrystal_I2C::LiquidCrystal_I2C(unsigned char, unsigned char, unsigned char)
                0x08005ce4                LiquidCrystal_I2C::LiquidCrystal_I2C(unsigned char, unsigned char, unsigned char)
 .text._ZN17LiquidCrystal_I2C13expanderWriteEh
                0x08005cfc       0x28 .pio/build/bluepill/libd32/libLiquidCrystal_I2C-1.1.2.a(LiquidCrystal_I2C.cpp.o)
                0x08005cfc                LiquidCrystal_I2C::expanderWrite(unsigned char)
 .text._ZN17LiquidCrystal_I2C9backlightEv
                0x08005d24        0xa .pio/build/bluepill/libd32/libLiquidCrystal_I2C-1.1.2.a(LiquidCrystal_I2C.cpp.o)
                0x08005d24                LiquidCrystal_I2C::backlight()
 *fill*         0x08005d2e        0x2 
 .text._ZN17LiquidCrystal_I2C11pulseEnableEh
                0x08005d30       0x54 .pio/build/bluepill/libd32/libLiquidCrystal_I2C-1.1.2.a(LiquidCrystal_I2C.cpp.o)
                0x08005d30                LiquidCrystal_I2C::pulseEnable(unsigned char)
 .text._ZN17LiquidCrystal_I2C10write4bitsEh
                0x08005d84       0x16 .pio/build/bluepill/libd32/libLiquidCrystal_I2C-1.1.2.a(LiquidCrystal_I2C.cpp.o)
                0x08005d84                LiquidCrystal_I2C::write4bits(unsigned char)
 .text._ZN17LiquidCrystal_I2C4sendEhh
                0x08005d9a       0x22 .pio/build/bluepill/libd32/libLiquidCrystal_I2C-1.1.2.a(LiquidCrystal_I2C.cpp.o)
                0x08005d9a                LiquidCrystal_I2C::send(unsigned char, unsigned char)
 .text._ZN17LiquidCrystal_I2C5writeEh
                0x08005dbc        0xc .pio/build/bluepill/libd32/libLiquidCrystal_I2C-1.1.2.a(LiquidCrystal_I2C.cpp.o)
                0x08005dbc                LiquidCrystal_I2C::write(unsigned char)
 .text._ZN17LiquidCrystal_I2C7commandEh
                0x08005dc8        0x6 .pio/build/bluepill/libd32/libLiquidCrystal_I2C-1.1.2.a(LiquidCrystal_I2C.cpp.o)
                0x08005dc8                LiquidCrystal_I2C::command(unsigned char)
 *fill*         0x08005dce        0x2 
 .text._ZN17LiquidCrystal_I2C5clearEv
                0x08005dd0       0x34 .pio/build/bluepill/libd32/libLiquidCrystal_I2C-1.1.2.a(LiquidCrystal_I2C.cpp.o)
                0x08005dd0                LiquidCrystal_I2C::clear()
 .text._ZN17LiquidCrystal_I2C4homeEv
                0x08005e04       0x34 .pio/build/bluepill/libd32/libLiquidCrystal_I2C-1.1.2.a(LiquidCrystal_I2C.cpp.o)
                0x08005e04                LiquidCrystal_I2C::home()
 .text._ZN17LiquidCrystal_I2C9setCursorEhh
                0x08005e38       0x40 .pio/build/bluepill/libd32/libLiquidCrystal_I2C-1.1.2.a(LiquidCrystal_I2C.cpp.o)
                0x08005e38                LiquidCrystal_I2C::setCursor(unsigned char, unsigned char)
 .text._ZN17LiquidCrystal_I2C7displayEv
                0x08005e78       0x14 .pio/build/bluepill/libd32/libLiquidCrystal_I2C-1.1.2.a(LiquidCrystal_I2C.cpp.o)
                0x08005e78                LiquidCrystal_I2C::display()
 .text._ZN17LiquidCrystal_I2C5beginEhhh
                0x08005e8c       0xe8 .pio/build/bluepill/libd32/libLiquidCrystal_I2C-1.1.2.a(LiquidCrystal_I2C.cpp.o)
                0x08005e8c                LiquidCrystal_I2C::begin(unsigned char, unsigned char, unsigned char)
 .text._ZN17LiquidCrystal_I2C9init_privEv
                0x08005f74       0x24 .pio/build/bluepill/libd32/libLiquidCrystal_I2C-1.1.2.a(LiquidCrystal_I2C.cpp.o)
                0x08005f74                LiquidCrystal_I2C::init_priv()
 .text._ZN17LiquidCrystal_I2C4initEv
                0x08005f98        0x4 .pio/build/bluepill/libd32/libLiquidCrystal_I2C-1.1.2.a(LiquidCrystal_I2C.cpp.o)
                0x08005f98                LiquidCrystal_I2C::init()
 .text._Z8printMsgv
                0x08005f9c       0x40 .pio/build/bluepill/lib367/libinverter.a(inverter.cpp.o)
                0x08005f9c                printMsg()
 .text._Z8printWlcv
                0x08005fdc       0xbc .pio/build/bluepill/lib367/libinverter.a(inverter.cpp.o)
                0x08005fdc                printWlc()
 .text._Z9printMsg2v
                0x08006098       0x88 .pio/build/bluepill/lib367/libinverter.a(inverter.cpp.o)
                0x08006098                printMsg2()
 .text._Z4dispv
                0x08006120       0x3c .pio/build/bluepill/lib367/libinverter.a(inverter.cpp.o)
                0x08006120                disp()
 .text._Z10displayVITv
                0x0800615c       0x80 .pio/build/bluepill/lib367/libinverter.a(inverter.cpp.o)
                0x0800615c                displayVIT()
 *fill*         0x080061dc        0x4 
 .text._Z11readCurrentv
                0x080061e0       0x64 .pio/build/bluepill/lib367/libinverter.a(inverter.cpp.o)
                0x080061e0                readCurrent()
 *fill*         0x08006244        0x4 
 .text._Z15readTemperaturev
                0x08006248       0x90 .pio/build/bluepill/lib367/libinverter.a(inverter.cpp.o)
                0x08006248                readTemperature()
 .text._Z6fCheckv
                0x080062d8      0x1a8 .pio/build/bluepill/lib367/libinverter.a(inverter.cpp.o)
                0x080062d8                fCheck()
 .text._Z4invFv
                0x08006480      0x1f4 .pio/build/bluepill/lib367/libinverter.a(inverter.cpp.o)
                0x08006480                invF()
 .text._Z4invTv
                0x08006674       0x36 .pio/build/bluepill/lib367/libinverter.a(inverter.cpp.o)
                0x08006674                invT()
 *fill*         0x080066aa        0x2 
 .text._Z8sw1pressv
                0x080066ac       0x10 .pio/build/bluepill/lib367/libinverter.a(inverter.cpp.o)
                0x080066ac                sw1press()
 .text._Z8sw2pressv
                0x080066bc       0x10 .pio/build/bluepill/lib367/libinverter.a(inverter.cpp.o)
                0x080066bc                sw2press()
 .text._ZN5Print5writeEPKhj
                0x080066cc       0x2c .pio/build/bluepill/libFrameworkArduino.a(Print.cpp.o)
                0x080066cc                Print::write(unsigned char const*, unsigned int)
 .text._ZN5Print5writeEPKc
                0x080066f8       0x20 .pio/build/bluepill/libFrameworkArduino.a(Print.cpp.o)
                0x080066f8                Print::write(char const*)
 .text._ZN5Print5printEPKc
                0x08006718        0x8 .pio/build/bluepill/libFrameworkArduino.a(Print.cpp.o)
                0x08006718                Print::print(char const*)
 .text._ZN5Print5printEc
                0x08006720        0x6 .pio/build/bluepill/libFrameworkArduino.a(Print.cpp.o)
                0x08006720                Print::print(char)
 .text._ZN5Print11printNumberEmh
                0x08006726       0x3a .pio/build/bluepill/libFrameworkArduino.a(Print.cpp.o)
                0x08006726                Print::printNumber(unsigned long, unsigned char)
 .text._ZN5Print5printEli
                0x08006760       0x44 .pio/build/bluepill/libFrameworkArduino.a(Print.cpp.o)
                0x08006760                Print::print(long, int)
 .text._ZN5Print5printEii
                0x080067a4        0x4 .pio/build/bluepill/libFrameworkArduino.a(Print.cpp.o)
                0x080067a4                Print::print(int, int)
 .text._ZN5Print10printFloatIfEEjT_h
                0x080067a8      0x120 .pio/build/bluepill/libFrameworkArduino.a(Print.cpp.o)
                0x080067a8                unsigned int Print::printFloat<float>(float, unsigned char)
 .text._ZN5Print5printEfi
                0x080068c8        0xa .pio/build/bluepill/libFrameworkArduino.a(Print.cpp.o)
                0x080068c8                Print::print(float, int)
 *fill*         0x080068d2        0x2 
 .text._Z15attachInterruptmSt8functionIFvvEEm
                0x080068d4       0xf8 .pio/build/bluepill/libFrameworkArduino.a(WInterrupts.cpp.o)
                0x080068d4                attachInterrupt(unsigned long, std::function<void ()>, unsigned long)
 .text._Z3maplllll
                0x080069cc       0x14 .pio/build/bluepill/libFrameworkArduino.a(WMath.cpp.o)
                0x080069cc                map(long, long, long, long, long)
 .text.startup._Z7premainv
                0x080069e0       0x10 .pio/build/bluepill/libFrameworkArduino.a(main.cpp.o)
                0x080069e0                premain()
 .text.startup.main
                0x080069f0       0x14 .pio/build/bluepill/libFrameworkArduino.a(main.cpp.o)
                0x080069f0                main
 .text.pinNametoDigitalPin
                0x08006a04       0x34 .pio/build/bluepill/libFrameworkArduino.a(pins_arduino.c.o)
                0x08006a04                pinNametoDigitalPin
 .text.analogInputToPinName
                0x08006a38       0x80 .pio/build/bluepill/libFrameworkArduino.a(pins_arduino.c.o)
                0x08006a38                analogInputToPinName
 .text.mapResolution
                0x08006ab8       0x26 .pio/build/bluepill/libFrameworkArduino.a(wiring_analog.c.o)
 *fill*         0x08006ade        0x2 
 .text.analogReadResolution
                0x08006ae0       0x1c .pio/build/bluepill/libFrameworkArduino.a(wiring_analog.c.o)
                0x08006ae0                analogReadResolution
 .text.analogWriteResolution
                0x08006afc       0x20 .pio/build/bluepill/libFrameworkArduino.a(wiring_analog.c.o)
                0x08006afc                analogWriteResolution
 .text.analogRead
                0x08006b1c       0x2c .pio/build/bluepill/libFrameworkArduino.a(wiring_analog.c.o)
                0x08006b1c                analogRead
 .text.analogWrite
                0x08006b48       0xdc .pio/build/bluepill/libFrameworkArduino.a(wiring_analog.c.o)
                0x08006b48                analogWrite
 .text.pinMode  0x08006c24       0xbc .pio/build/bluepill/libFrameworkArduino.a(wiring_digital.c.o)
                0x08006c24                pinMode
 .text.digitalWrite
                0x08006ce0       0x74 .pio/build/bluepill/libFrameworkArduino.a(wiring_digital.c.o)
                0x08006ce0                digitalWrite
 .text.digitalRead
                0x08006d54       0x6c .pio/build/bluepill/libFrameworkArduino.a(wiring_digital.c.o)
                0x08006d54                digitalRead
 .text.millis   0x08006dc0        0x4 .pio/build/bluepill/libFrameworkArduino.a(wiring_time.c.o)
                0x08006dc0                millis
 .text.delay    0x08006dc4       0x1c .pio/build/bluepill/libFrameworkArduino.a(wiring_time.c.o)
                0x08006dc4                delay
 .text._Z14serialEventRunv
                0x08006de0       0x1c .pio/build/bluepill/libFrameworkArduino.a(WSerial.cpp.o)
                0x08006de0                serialEventRun()
 .text.init     0x08006dfc        0x4 .pio/build/bluepill/libFrameworkArduino.a(board.c.o)
                0x08006dfc                init
 .text.__empty  0x08006e00        0x2 .pio/build/bluepill/libFrameworkArduino.a(hooks.c.o)
                0x08006e00                yield
 .text._ZN14HardwareSerial9availableEv
                0x08006e02       0x10 .pio/build/bluepill/libFrameworkArduino.a(HardwareSerial.cpp.o)
                0x08006e02                HardwareSerial::available()
 .text._ZN14HardwareSerial4peekEv
                0x08006e12       0x1a .pio/build/bluepill/libFrameworkArduino.a(HardwareSerial.cpp.o)
                0x08006e12                HardwareSerial::peek()
 .text._ZN14HardwareSerial17availableForWriteEv
                0x08006e2c       0x1c .pio/build/bluepill/libFrameworkArduino.a(HardwareSerial.cpp.o)
                0x08006e2c                HardwareSerial::availableForWrite()
 .text._ZN14HardwareSerial5writeEh
                0x08006e48       0x18 .pio/build/bluepill/libFrameworkArduino.a(HardwareSerial.cpp.o)
                0x08006e48                HardwareSerial::write(unsigned char)
 .text._ZN14HardwareSerial16_tx_complete_irqEP8serial_s
                0x08006e60       0x60 .pio/build/bluepill/libFrameworkArduino.a(HardwareSerial.cpp.o)
                0x08006e60                HardwareSerial::_tx_complete_irq(serial_s*)
 .text._ZN14HardwareSerial5writeEPKhj
                0x08006ec0       0xe4 .pio/build/bluepill/libFrameworkArduino.a(HardwareSerial.cpp.o)
                0x08006ec0                HardwareSerial::write(unsigned char const*, unsigned int)
 .text._ZN14HardwareSerial5flushEm
                0x08006fa4       0x36 .pio/build/bluepill/libFrameworkArduino.a(HardwareSerial.cpp.o)
                0x08006fa4                HardwareSerial::flush(unsigned long)
 .text._ZN14HardwareSerial4initE7PinNameS0_S0_S0_
                0x08006fda       0x32 .pio/build/bluepill/libFrameworkArduino.a(HardwareSerial.cpp.o)
                0x08006fda                HardwareSerial::init(PinName, PinName, PinName, PinName)
 .text._ZN14HardwareSerialC2EPv16HalfDuplexMode_t
                0x0800700c       0x94 .pio/build/bluepill/libFrameworkArduino.a(HardwareSerial.cpp.o)
                0x0800700c                HardwareSerial::HardwareSerial(void*, HalfDuplexMode_t)
                0x0800700c                HardwareSerial::HardwareSerial(void*, HalfDuplexMode_t)
 .text._ZN14HardwareSerial18enableHalfDuplexRxEv
                0x080070a0       0x2e .pio/build/bluepill/libFrameworkArduino.a(HardwareSerial.cpp.o)
                0x080070a0                HardwareSerial::enableHalfDuplexRx()
 .text._ZN14HardwareSerial4readEv
                0x080070ce       0x2e .pio/build/bluepill/libFrameworkArduino.a(HardwareSerial.cpp.o)
                0x080070ce                HardwareSerial::read()
 .text.startup._GLOBAL__sub_I_Serial1
                0x080070fc       0x14 .pio/build/bluepill/libFrameworkArduino.a(HardwareSerial.cpp.o)
 .text._ZN6Stream9timedReadEv
                0x08007110       0x2a .pio/build/bluepill/libFrameworkArduino.a(Stream.cpp.o)
                0x08007110                Stream::timedRead()
 .text._ZN6Stream9readBytesEPcj
                0x0800713a       0x22 .pio/build/bluepill/libFrameworkArduino.a(Stream.cpp.o)
                0x0800713a                Stream::readBytes(char*, unsigned int)
 .text._ZN6Stream14readBytesUntilEcPcj
                0x0800715c       0x30 .pio/build/bluepill/libFrameworkArduino.a(Stream.cpp.o)
                0x0800715c                Stream::readBytesUntil(char, char*, unsigned int)
 .text.unlikely._ZSt25__throw_bad_function_callv
                0x0800718c        0x6 /home/chima/.platformio/packages/toolchain-gccarmnoneeabi/bin/../lib/gcc/arm-none-eabi/12.3.1/../../../../arm-none-eabi/lib/thumb/v7-m/nofp/libstdc++_nano.a(functional.o)
                0x0800718c                std::__throw_bad_function_call()
 .text._ZN7TwoWire9availableEv
                0x08007192        0x8 .pio/build/bluepill/lib358/libWire.a(Wire.cpp.o)
                0x08007192                TwoWire::available()
 .text._ZN7TwoWire4readEv
                0x0800719a       0x1a .pio/build/bluepill/lib358/libWire.a(Wire.cpp.o)
                0x0800719a                TwoWire::read()
 .text._ZN7TwoWire4peekEv
                0x080071b4       0x12 .pio/build/bluepill/lib358/libWire.a(Wire.cpp.o)
                0x080071b4                TwoWire::peek()
 .text._ZN7TwoWire16onRequestServiceEP5i2c_s
                0x080071c6       0x16 .pio/build/bluepill/lib358/libWire.a(Wire.cpp.o)
                0x080071c6                TwoWire::onRequestService(i2c_s*)
 .text._ZN7TwoWire3endEv
                0x080071dc       0x28 .pio/build/bluepill/lib358/libWire.a(Wire.cpp.o)
                0x080071dc                TwoWire::end()
 .text._ZN7TwoWireD2Ev
                0x08007204       0x28 .pio/build/bluepill/lib358/libWire.a(Wire.cpp.o)
                0x08007204                TwoWire::~TwoWire()
                0x08007204                TwoWire::~TwoWire()
 .text._ZN7TwoWire17beginTransmissionEh
                0x0800722c       0x10 .pio/build/bluepill/lib358/libWire.a(Wire.cpp.o)
                0x0800722c                TwoWire::beginTransmission(unsigned char)
 .text._ZN7TwoWire16allocateRxBufferEj
                0x0800723c       0x24 .pio/build/bluepill/lib358/libWire.a(Wire.cpp.o)
                0x0800723c                TwoWire::allocateRxBuffer(unsigned int)
 .text._ZN7TwoWire16onReceiveServiceEP5i2c_s
                0x08007260       0x4c .pio/build/bluepill/lib358/libWire.a(Wire.cpp.o)
                0x08007260                TwoWire::onReceiveService(i2c_s*)
 .text._ZN7TwoWire16allocateTxBufferEj
                0x080072ac       0x32 .pio/build/bluepill/lib358/libWire.a(Wire.cpp.o)
                0x080072ac                TwoWire::allocateTxBuffer(unsigned int)
 .text._ZN7TwoWire5writeEh
                0x080072de       0x42 .pio/build/bluepill/lib358/libWire.a(Wire.cpp.o)
                0x080072de                TwoWire::write(unsigned char)
 .text._ZN7TwoWire5writeEPKhj
                0x08007320       0x42 .pio/build/bluepill/lib358/libWire.a(Wire.cpp.o)
                0x08007320                TwoWire::write(unsigned char const*, unsigned int)
 .text._ZN7TwoWire13resetTxBufferEv
                0x08007362       0x10 .pio/build/bluepill/lib358/libWire.a(Wire.cpp.o)
                0x08007362                TwoWire::resetTxBuffer()
 .text._ZN7TwoWire15endTransmissionEh
                0x08007372       0x46 .pio/build/bluepill/lib358/libWire.a(Wire.cpp.o)
                0x08007372                TwoWire::endTransmission(unsigned char)
 .text._ZN7TwoWire15endTransmissionEv
                0x080073b8        0x6 .pio/build/bluepill/lib358/libWire.a(Wire.cpp.o)
                0x080073b8                TwoWire::endTransmission()
 .text._ZN7TwoWire5flushEv
                0x080073be       0x20 .pio/build/bluepill/lib358/libWire.a(Wire.cpp.o)
                0x080073be                TwoWire::flush()
 *fill*         0x080073de        0x2 
 .text._ZN7TwoWire10recoverBusEv
                0x080073e0       0xd0 .pio/build/bluepill/lib358/libWire.a(Wire.cpp.o)
                0x080073e0                TwoWire::recoverBus()
 .text._ZN7TwoWire5beginEhbb
                0x080074b0       0x94 .pio/build/bluepill/lib358/libWire.a(Wire.cpp.o)
                0x080074b0                TwoWire::begin(unsigned char, bool, bool)
 .text._ZN7TwoWire5beginEb
                0x08007544        0xa .pio/build/bluepill/lib358/libWire.a(Wire.cpp.o)
                0x08007544                TwoWire::begin(bool)
 .text._ZNSt8functionIFviEEC2Ev
                0x0800754e        0xc .pio/build/bluepill/lib358/libWire.a(Wire.cpp.o)
                0x0800754e                std::function<void (int)>::function()
                0x0800754e                std::function<void (int)>::function()
 *fill*         0x0800755a        0x2 
 .text._ZN7TwoWireC2Ev
                0x0800755c       0x48 .pio/build/bluepill/lib358/libWire.a(Wire.cpp.o)
                0x0800755c                TwoWire::TwoWire()
                0x0800755c                TwoWire::TwoWire()
 .text.startup._GLOBAL__sub_I__ZN7TwoWireC2Ev
                0x080075a4        0xc .pio/build/bluepill/lib358/libWire.a(Wire.cpp.o)
 .text.exit._GLOBAL__sub_D__ZN7TwoWireC2Ev
                0x080075b0        0xc .pio/build/bluepill/lib358/libWire.a(Wire.cpp.o)
 .text.i2c_custom_init
                0x080075bc      0x174 .pio/build/bluepill/lib358/libWire.a(twi.c.o)
                0x080075bc                i2c_custom_init
 .text.i2c_deinit
                0x08007730       0x1e .pio/build/bluepill/lib358/libWire.a(twi.c.o)
                0x08007730                i2c_deinit
 .text.i2c_slave_write_IT
                0x0800774e       0x34 .pio/build/bluepill/lib358/libWire.a(twi.c.o)
                0x0800774e                i2c_slave_write_IT
 .text.i2c_IsDeviceReady
                0x08007782       0x40 .pio/build/bluepill/lib358/libWire.a(twi.c.o)
                0x08007782                i2c_IsDeviceReady
 .text.i2c_master_write
                0x080077c2       0xa2 .pio/build/bluepill/lib358/libWire.a(twi.c.o)
                0x080077c2                i2c_master_write
 .text.i2c_attachSlaveRxEvent
                0x08007864        0xe .pio/build/bluepill/lib358/libWire.a(twi.c.o)
                0x08007864                i2c_attachSlaveRxEvent
 .text.i2c_attachSlaveTxEvent
                0x08007872        0xe .pio/build/bluepill/lib358/libWire.a(twi.c.o)
                0x08007872                i2c_attachSlaveTxEvent
 .text.HAL_I2C_AddrCallback
                0x08007880       0x68 .pio/build/bluepill/lib358/libWire.a(twi.c.o)
                0x08007880                HAL_I2C_AddrCallback
 .text.HAL_I2C_ListenCpltCallback
                0x080078e8       0x2a .pio/build/bluepill/lib358/libWire.a(twi.c.o)
                0x080078e8                HAL_I2C_ListenCpltCallback
 .text.HAL_I2C_SlaveRxCpltCallback
                0x08007912       0x24 .pio/build/bluepill/lib358/libWire.a(twi.c.o)
                0x08007912                HAL_I2C_SlaveRxCpltCallback
 .text.HAL_I2C_SlaveTxCpltCallback
                0x08007936        0x8 .pio/build/bluepill/lib358/libWire.a(twi.c.o)
                0x08007936                HAL_I2C_SlaveTxCpltCallback
 .text.HAL_I2C_ErrorCallback
                0x0800793e        0xc .pio/build/bluepill/lib358/libWire.a(twi.c.o)
                0x0800793e                HAL_I2C_ErrorCallback
 *fill*         0x0800794a        0x2 
 .text.I2C1_EV_IRQHandler
                0x0800794c        0xc .pio/build/bluepill/lib358/libWire.a(twi.c.o)
                0x0800794c                I2C1_EV_IRQHandler
 .text.I2C1_ER_IRQHandler
                0x08007958        0xc .pio/build/bluepill/lib358/libWire.a(twi.c.o)
                0x08007958                I2C1_ER_IRQHandler
 .text.I2C2_EV_IRQHandler
                0x08007964        0xc .pio/build/bluepill/lib358/libWire.a(twi.c.o)
                0x08007964                I2C2_EV_IRQHandler
 .text.I2C2_ER_IRQHandler
                0x08007970        0xc .pio/build/bluepill/lib358/libWire.a(twi.c.o)
                0x08007970                I2C2_ER_IRQHandler
 .text._Z11readVoltageRKmRKlS2_
                0x0800797c       0xc0 .pio/build/bluepill/libe40/libeichen_lib.a(eichen_lib.cpp.o)
                0x0800797c                readVoltage(unsigned long const&, long const&, long const&)
 .text._Z10convToBasePf
                0x08007a3c       0x20 .pio/build/bluepill/libe40/libeichen_lib.a(eichen_lib.cpp.o)
                0x08007a3c                convToBase(float*)
 .text._Z9getBatPerRKfS0_S0_
                0x08007a5c       0x68 .pio/build/bluepill/libe40/libeichen_lib.a(eichen_lib.cpp.o)
                0x08007a5c                getBatPer(float const&, float const&, float const&)
 .text.abort    0x08007ac4        0xe /home/chima/.platformio/packages/toolchain-gccarmnoneeabi/bin/../lib/gcc/arm-none-eabi/12.3.1/../../../../arm-none-eabi/lib/thumb/v7-m/nofp/libc_nano.a(libc_a-abort.o)
                0x08007ac4                abort
 *fill*         0x08007ad2        0x2 
 .text.malloc   0x08007ad4       0x10 /home/chima/.platformio/packages/toolchain-gccarmnoneeabi/bin/../lib/gcc/arm-none-eabi/12.3.1/../../../../arm-none-eabi/lib/thumb/v7-m/nofp/libc_nano.a(libc_a-malloc.o)
                0x08007ad4                malloc
 .text.free     0x08007ae4       0x10 /home/chima/.platformio/packages/toolchain-gccarmnoneeabi/bin/../lib/gcc/arm-none-eabi/12.3.1/../../../../arm-none-eabi/lib/thumb/v7-m/nofp/libc_nano.a(libc_a-malloc.o)
                0x08007ae4                free
 .text.sbrk_aligned
                0x08007af4       0x44 /home/chima/.platformio/packages/toolchain-gccarmnoneeabi/bin/../lib/gcc/arm-none-eabi/12.3.1/../../../../arm-none-eabi/lib/thumb/v7-m/nofp/libc_nano.a(libc_a-mallocr.o)
 .text._malloc_r
                0x08007b38      0x100 /home/chima/.platformio/packages/toolchain-gccarmnoneeabi/bin/../lib/gcc/arm-none-eabi/12.3.1/../../../../arm-none-eabi/lib/thumb/v7-m/nofp/libc_nano.a(libc_a-mallocr.o)
                0x08007b38                _malloc_r
 .text.__malloc_lock
                0x08007c38        0xc /home/chima/.platformio/packages/toolchain-gccarmnoneeabi/bin/../lib/gcc/arm-none-eabi/12.3.1/../../../../arm-none-eabi/lib/thumb/v7-m/nofp/libc_nano.a(libc_a-mlock.o)
                0x08007c38                __malloc_lock
 .text.__malloc_unlock
                0x08007c44        0xc /home/chima/.platformio/packages/toolchain-gccarmnoneeabi/bin/../lib/gcc/arm-none-eabi/12.3.1/../../../../arm-none-eabi/lib/thumb/v7-m/nofp/libc_nano.a(libc_a-mlock.o)
                0x08007c44                __malloc_unlock
 .text.realloc  0x08007c50       0x10 /home/chima/.platformio/packages/toolchain-gccarmnoneeabi/bin/../lib/gcc/arm-none-eabi/12.3.1/../../../../arm-none-eabi/lib/thumb/v7-m/nofp/libc_nano.a(libc_a-realloc.o)
                0x08007c50                realloc
 .text._realloc_r
                0x08007c60       0x5c /home/chima/.platformio/packages/toolchain-gccarmnoneeabi/bin/../lib/gcc/arm-none-eabi/12.3.1/../../../../arm-none-eabi/lib/thumb/v7-m/nofp/libc_nano.a(libc_a-reallocr.o)
                0x08007c60                _realloc_r
 .text.memset   0x08007cbc       0x10 /home/chima/.platformio/packages/toolchain-gccarmnoneeabi/bin/../lib/gcc/arm-none-eabi/12.3.1/../../../../arm-none-eabi/lib/thumb/v7-m/nofp/libc_nano.a(libc_a-memset.o)
                0x08007cbc                memset
 .text._raise_r
                0x08007ccc       0x50 /home/chima/.platformio/packages/toolchain-gccarmnoneeabi/bin/../lib/gcc/arm-none-eabi/12.3.1/../../../../arm-none-eabi/lib/thumb/v7-m/nofp/libc_nano.a(libc_a-signal.o)
                0x08007ccc                _raise_r
 .text.raise    0x08007d1c       0x10 /home/chima/.platformio/packages/toolchain-gccarmnoneeabi/bin/../lib/gcc/arm-none-eabi/12.3.1/../../../../arm-none-eabi/lib/thumb/v7-m/nofp/libc_nano.a(libc_a-signal.o)
                0x08007d1c                raise
 .text._kill_r  0x08007d2c       0x24 /home/chima/.platformio/packages/toolchain-gccarmnoneeabi/bin/../lib/gcc/arm-none-eabi/12.3.1/../../../../arm-none-eabi/lib/thumb/v7-m/nofp/libc_nano.a(libc_a-signalr.o)
                0x08007d2c                _kill_r
 .text._getpid_r
                0x08007d50        0x4 /home/chima/.platformio/packages/toolchain-gccarmnoneeabi/bin/../lib/gcc/arm-none-eabi/12.3.1/../../../../arm-none-eabi/lib/thumb/v7-m/nofp/libc_nano.a(libc_a-signalr.o)
                0x08007d50                _getpid_r
 .text._sbrk_r  0x08007d54       0x20 /home/chima/.platformio/packages/toolchain-gccarmnoneeabi/bin/../lib/gcc/arm-none-eabi/12.3.1/../../../../arm-none-eabi/lib/thumb/v7-m/nofp/libc_nano.a(libc_a-sbrkr.o)
                0x08007d54                _sbrk_r
 .text.__libc_init_array
                0x08007d74       0x48 /home/chima/.platformio/packages/toolchain-gccarmnoneeabi/bin/../lib/gcc/arm-none-eabi/12.3.1/../../../../arm-none-eabi/lib/thumb/v7-m/nofp/libc_nano.a(libc_a-init.o)
                0x08007d74                __libc_init_array
 .text.__retarget_lock_acquire_recursive
                0x08007dbc        0x2 /home/chima/.platformio/packages/toolchain-gccarmnoneeabi/bin/../lib/gcc/arm-none-eabi/12.3.1/../../../../arm-none-eabi/lib/thumb/v7-m/nofp/libc_nano.a(libc_a-lock.o)
                0x08007dbc                __retarget_lock_acquire_recursive
 .text.__retarget_lock_release_recursive
                0x08007dbe        0x2 /home/chima/.platformio/packages/toolchain-gccarmnoneeabi/bin/../lib/gcc/arm-none-eabi/12.3.1/../../../../arm-none-eabi/lib/thumb/v7-m/nofp/libc_nano.a(libc_a-lock.o)
                0x08007dbe                __retarget_lock_release_recursive
 .text.memcpy   0x08007dc0       0x1c /home/chima/.platformio/packages/toolchain-gccarmnoneeabi/bin/../lib/gcc/arm-none-eabi/12.3.1/../../../../arm-none-eabi/lib/thumb/v7-m/nofp/libc_nano.a(libc_a-memcpy-stub.o)
                0x08007dc0                memcpy
 .text._free_r  0x08007ddc       0x90 /home/chima/.platformio/packages/toolchain-gccarmnoneeabi/bin/../lib/gcc/arm-none-eabi/12.3.1/../../../../arm-none-eabi/lib/thumb/v7-m/nofp/libc_nano.a(libc_a-freer.o)
                0x08007ddc                _free_r
 .text._malloc_usable_size_r
                0x08007e6c       0x10 /home/chima/.platformio/packages/toolchain-gccarmnoneeabi/bin/../lib/gcc/arm-none-eabi/12.3.1/../../../../arm-none-eabi/lib/thumb/v7-m/nofp/libc_nano.a(libc_a-msizer.o)
                0x08007e6c                _malloc_usable_size_r
 *(.glue_7)
 .glue_7        0x08007e7c        0x0 linker stubs
 *(.glue_7t)
 .glue_7t       0x08007e7c        0x0 linker stubs
 *(.eh_frame)
 .eh_frame      0x08007e7c        0x0 /home/chima/.platformio/packages/toolchain-gccarmnoneeabi/bin/../lib/gcc/arm-none-eabi/12.3.1/thumb/v7-m/nofp/crtbegin.o
 *(.init)
 .init          0x08007e7c        0x4 /home/chima/.platformio/packages/toolchain-gccarmnoneeabi/bin/../lib/gcc/arm-none-eabi/12.3.1/thumb/v7-m/nofp/crti.o
                0x08007e7c                _init
 .init          0x08007e80        0x8 /home/chima/.platformio/packages/toolchain-gccarmnoneeabi/bin/../lib/gcc/arm-none-eabi/12.3.1/thumb/v7-m/nofp/crtn.o
 *(.fini)
 .fini          0x08007e88        0x4 /home/chima/.platformio/packages/toolchain-gccarmnoneeabi/bin/../lib/gcc/arm-none-eabi/12.3.1/thumb/v7-m/nofp/crti.o
                0x08007e88                _fini
 .fini          0x08007e8c        0x8 /home/chima/.platformio/packages/toolchain-gccarmnoneeabi/bin/../lib/gcc/arm-none-eabi/12.3.1/thumb/v7-m/nofp/crtn.o
                0x08007e94                        . = ALIGN (0x4)
                0x08007e94                        _etext = .

.vfp11_veneer   0x08007e94        0x0
 .vfp11_veneer  0x08007e94        0x0 linker stubs

.v4_bx          0x08007e94        0x0
 .v4_bx         0x08007e94        0x0 linker stubs

.iplt           0x08007e94        0x0
 .iplt          0x08007e94        0x0 /home/chima/.platformio/packages/toolchain-gccarmnoneeabi/bin/../lib/gcc/arm-none-eabi/12.3.1/thumb/v7-m/nofp/crtbegin.o

.rodata         0x08007e94      0x6d0
                0x08007e94                        . = ALIGN (0x4)
 *(.rodata)
 .rodata        0x08007e94       0x10 .pio/build/bluepill/libd32/libLiquidCrystal_I2C-1.1.2.a(LiquidCrystal_I2C.cpp.o)
 *(.rodata*)
 .rodata.PinMap_UART_RX
                0x08007ea4       0x3c .pio/build/bluepill/FrameworkArduinoVariant/PeripheralPins.c.o
                0x08007ea4                PinMap_UART_RX
 .rodata.PinMap_UART_TX
                0x08007ee0       0x3c .pio/build/bluepill/FrameworkArduinoVariant/PeripheralPins.c.o
                0x08007ee0                PinMap_UART_TX
 .rodata.PinMap_TIM
                0x08007f1c      0x204 .pio/build/bluepill/FrameworkArduinoVariant/PeripheralPins.c.o
                0x08007f1c                PinMap_TIM
 .rodata.PinMap_I2C_SCL
                0x08008120       0x30 .pio/build/bluepill/FrameworkArduinoVariant/PeripheralPins.c.o
                0x08008120                PinMap_I2C_SCL
 .rodata.PinMap_I2C_SDA
                0x08008150       0x30 .pio/build/bluepill/FrameworkArduinoVariant/PeripheralPins.c.o
                0x08008150                PinMap_I2C_SDA
 .rodata.PinMap_ADC
                0x08008180       0xfc .pio/build/bluepill/FrameworkArduinoVariant/PeripheralPins.c.o
                0x08008180                PinMap_ADC
 .rodata.analogInputPin
                0x0800827c       0x28 .pio/build/bluepill/FrameworkArduinoVariant/variant_PILL_F103Cx.cpp.o
                0x0800827c                analogInputPin
 .rodata.digitalPin
                0x080082a4       0x8c .pio/build/bluepill/FrameworkArduinoVariant/variant_PILL_F103Cx.cpp.o
                0x080082a4                digitalPin
 .rodata.aPredivFactorTable.0
                0x08008330        0x2 .pio/build/bluepill/SrcWrapper/src/HAL/stm32yyxx_hal_rcc.c.o
 .rodata.aPLLMULFactorTable.1
                0x08008332       0x10 .pio/build/bluepill/SrcWrapper/src/HAL/stm32yyxx_hal_rcc.c.o
 .rodata.aPredivFactorTable.0
                0x08008342        0x2 .pio/build/bluepill/SrcWrapper/src/HAL/stm32yyxx_hal_rcc_ex.c.o
 .rodata.aPLLMULFactorTable.1
                0x08008344       0x10 .pio/build/bluepill/SrcWrapper/src/HAL/stm32yyxx_hal_rcc_ex.c.o
 .rodata.CSWTCH.99
                0x08008354        0x4 .pio/build/bluepill/SrcWrapper/src/HardwareTimer.cpp.o
 .rodata.CSWTCH.97
                0x08008358        0x4 .pio/build/bluepill/SrcWrapper/src/HardwareTimer.cpp.o
 .rodata.CSWTCH.95
                0x0800835c        0x8 .pio/build/bluepill/SrcWrapper/src/HardwareTimer.cpp.o
 .rodata.CSWTCH.94
                0x08008364        0x6 .pio/build/bluepill/SrcWrapper/src/HardwareTimer.cpp.o
 *fill*         0x0800836a        0x2 
 .rodata.pin_map_ll
                0x0800836c       0x40 .pio/build/bluepill/SrcWrapper/src/stm32/pinmap.c.o
                0x0800836c                pin_map_ll
 .rodata.APBPrescTable
                0x080083ac        0x8 .pio/build/bluepill/SrcWrapper/src/stm32/system_stm32yyxx.c.o
                0x080083ac                APBPrescTable
 .rodata.AHBPrescTable
                0x080083b4       0x10 .pio/build/bluepill/SrcWrapper/src/stm32/system_stm32yyxx.c.o
                0x080083b4                AHBPrescTable
 .rodata.setup.str1.1
                0x080083c4       0x20 .pio/build/bluepill/src/main.cpp.o
 .rodata.loop.str1.1
                0x080083e4        0xe .pio/build/bluepill/src/main.cpp.o
 *fill*         0x080083f2        0x2 
 .rodata._ZTV17LiquidCrystal_I2C
                0x080083f4       0x18 .pio/build/bluepill/libd32/libLiquidCrystal_I2C-1.1.2.a(LiquidCrystal_I2C.cpp.o)
                0x080083f4                vtable for LiquidCrystal_I2C
 .rodata._Z8printMsgv.str1.1
                0x0800840c       0x23 .pio/build/bluepill/lib367/libinverter.a(inverter.cpp.o)
 .rodata._Z8printWlcv.str1.1
                0x0800842f       0x59 .pio/build/bluepill/lib367/libinverter.a(inverter.cpp.o)
 .rodata._Z4dispv.str1.1
                0x08008488       0x22 .pio/build/bluepill/lib367/libinverter.a(inverter.cpp.o)
 .rodata._Z4invFv.str1.1
                0x080084aa       0x4f .pio/build/bluepill/lib367/libinverter.a(inverter.cpp.o)
 .rodata._ZN5Print10printFloatIfEEjT_h.str1.1
                0x080084f9        0xc .pio/build/bluepill/libFrameworkArduino.a(Print.cpp.o)
 *fill*         0x08008505        0x3 
 .rodata._ZTV14HardwareSerial
                0x08008508       0x30 .pio/build/bluepill/libFrameworkArduino.a(HardwareSerial.cpp.o)
                0x08008508                vtable for HardwareSerial
 .rodata._ZTV7TwoWire
                0x08008538       0x2c .pio/build/bluepill/lib358/libWire.a(Wire.cpp.o)
                0x08008538                vtable for TwoWire
                0x08008564                        . = ALIGN (0x4)

.ARM.extab      0x08008564        0x0
                0x08008564                        . = ALIGN (0x4)
 *(.ARM.extab* .gnu.linkonce.armextab.*)
                0x08008564                        . = ALIGN (0x4)

.ARM            0x08008564        0x8
                0x08008564                        . = ALIGN (0x4)
                0x08008564                        __exidx_start = .
 *(.ARM.exidx*)
 .ARM.exidx     0x08008564        0x8 /home/chima/.platformio/packages/toolchain-gccarmnoneeabi/bin/../lib/gcc/arm-none-eabi/12.3.1/../../../../arm-none-eabi/lib/thumb/v7-m/nofp/libc_nano.a(libc_a-strlen.o)
                0x0800856c                        __exidx_end = .
                0x0800856c                        . = ALIGN (0x4)

.rel.dyn        0x0800856c        0x0
 .rel.iplt      0x0800856c        0x0 /home/chima/.platformio/packages/toolchain-gccarmnoneeabi/bin/../lib/gcc/arm-none-eabi/12.3.1/thumb/v7-m/nofp/crtbegin.o

.preinit_array  0x0800856c        0x0
                0x0800856c                        . = ALIGN (0x4)
                0x0800856c                        PROVIDE (__preinit_array_start = .)
 *(.preinit_array*)
                0x0800856c                        PROVIDE (__preinit_array_end = .)
                0x0800856c                        . = ALIGN (0x4)

.init_array     0x0800856c       0x18
                0x0800856c                        . = ALIGN (0x4)
                0x0800856c                        PROVIDE (__init_array_start = .)
 *(SORT_BY_NAME(.init_array.*))
 .init_array.00101
                0x0800856c        0x4 .pio/build/bluepill/libFrameworkArduino.a(main.cpp.o)
 *(.init_array*)
 .init_array    0x08008570        0x4 /home/chima/.platformio/packages/toolchain-gccarmnoneeabi/bin/../lib/gcc/arm-none-eabi/12.3.1/thumb/v7-m/nofp/crtbegin.o
 .init_array    0x08008574        0x4 .pio/build/bluepill/SrcWrapper/src/stm32/interrupt.cpp.o
 .init_array    0x08008578        0x4 .pio/build/bluepill/src/main.cpp.o
 .init_array    0x0800857c        0x4 .pio/build/bluepill/libFrameworkArduino.a(HardwareSerial.cpp.o)
 .init_array    0x08008580        0x4 .pio/build/bluepill/lib358/libWire.a(Wire.cpp.o)
                0x08008584                        PROVIDE (__init_array_end = .)
                0x08008584                        . = ALIGN (0x4)

.fini_array     0x08008584        0xc
                0x08008584                        . = ALIGN (0x4)
                0x08008584                        PROVIDE (__fini_array_start = .)
 *(SORT_BY_NAME(.fini_array.*))
 *(.fini_array*)
 .fini_array    0x08008584        0x4 /home/chima/.platformio/packages/toolchain-gccarmnoneeabi/bin/../lib/gcc/arm-none-eabi/12.3.1/thumb/v7-m/nofp/crtbegin.o
 .fini_array    0x08008588        0x4 .pio/build/bluepill/SrcWrapper/src/stm32/interrupt.cpp.o
 .fini_array    0x0800858c        0x4 .pio/build/bluepill/lib358/libWire.a(Wire.cpp.o)
                0x08008590                        PROVIDE (__fini_array_end = .)
                0x08008590                        . = ALIGN (0x4)
                0x08008590                        _sidata = LOADADDR (.data)

.data           0x20000000       0x94 load address 0x08008590
                0x20000000                        . = ALIGN (0x4)
                0x20000000                        _sdata = .
 *(.data)
 *(.data*)
 .data.uwTickFreq
                0x20000000        0x1 .pio/build/bluepill/SrcWrapper/src/HAL/stm32yyxx_hal.c.o
                0x20000000                uwTickFreq
 *fill*         0x20000001        0x3 
 .data.uwTickPrio
                0x20000004        0x4 .pio/build/bluepill/SrcWrapper/src/HAL/stm32yyxx_hal.c.o
                0x20000004                uwTickPrio
 .data.GPIOPort
                0x20000008       0x14 .pio/build/bluepill/SrcWrapper/src/stm32/PortNames.c.o
                0x20000008                GPIOPort
 .data._ZL13g_current_pin
                0x2000001c        0x4 .pio/build/bluepill/SrcWrapper/src/stm32/analog.cpp.o
 .data.hcrc     0x20000020        0x8 .pio/build/bluepill/SrcWrapper/src/stm32/hw_config.c.o
                0x20000020                hcrc
 .data.SystemCoreClock
                0x20000028        0x4 .pio/build/bluepill/SrcWrapper/src/stm32/system_stm32yyxx.c.o
                0x20000028                SystemCoreClock
 .data.heap_end.0
                0x2000002c        0x4 .pio/build/bluepill/SrcWrapper/src/syscalls.c.o
 .data._writeFreq
                0x20000030        0x4 .pio/build/bluepill/libFrameworkArduino.a(wiring_analog.c.o)
 .data._internalWriteResolution
                0x20000034        0x4 .pio/build/bluepill/libFrameworkArduino.a(wiring_analog.c.o)
 .data._writeResolution
                0x20000038        0x4 .pio/build/bluepill/libFrameworkArduino.a(wiring_analog.c.o)
 .data._internalReadResolution
                0x2000003c        0x4 .pio/build/bluepill/libFrameworkArduino.a(wiring_analog.c.o)
 .data._readResolution
                0x20000040        0x4 .pio/build/bluepill/libFrameworkArduino.a(wiring_analog.c.o)
 .data._impure_ptr
                0x20000044        0x4 /home/chima/.platformio/packages/toolchain-gccarmnoneeabi/bin/../lib/gcc/arm-none-eabi/12.3.1/../../../../arm-none-eabi/lib/thumb/v7-m/nofp/libc_nano.a(libc_a-impure.o)
                0x20000044                _impure_ptr
 .data._impure_data
                0x20000048       0x4c /home/chima/.platformio/packages/toolchain-gccarmnoneeabi/bin/../lib/gcc/arm-none-eabi/12.3.1/../../../../arm-none-eabi/lib/thumb/v7-m/nofp/libc_nano.a(libc_a-impure.o)
                0x20000048                _impure_data
 *(.RamFunc)
 *(.RamFunc*)
                0x20000094                        . = ALIGN (0x4)
                0x20000094                        _edata = .

.igot.plt       0x20000094        0x0 load address 0x08008624
 .igot.plt      0x20000094        0x0 /home/chima/.platformio/packages/toolchain-gccarmnoneeabi/bin/../lib/gcc/arm-none-eabi/12.3.1/thumb/v7-m/nofp/crtbegin.o
                0x20000094                        . = ALIGN (0x4)

.bss            0x20000094      0x6b0 load address 0x08008624
                0x20000094                        _sbss = .
                0x20000094                        __bss_start__ = _sbss
 *(.bss)
 *(.bss*)
 .bss.completed.1
                0x20000094        0x1 /home/chima/.platformio/packages/toolchain-gccarmnoneeabi/bin/../lib/gcc/arm-none-eabi/12.3.1/thumb/v7-m/nofp/crtbegin.o
 *fill*         0x20000095        0x3 
 .bss.object.0  0x20000098       0x18 /home/chima/.platformio/packages/toolchain-gccarmnoneeabi/bin/../lib/gcc/arm-none-eabi/12.3.1/thumb/v7-m/nofp/crtbegin.o
 .bss.uwTick    0x200000b0        0x4 .pio/build/bluepill/SrcWrapper/src/HAL/stm32yyxx_hal.c.o
                0x200000b0                uwTick
 .bss.HardwareTimer_Handle
                0x200000b4       0x10 .pio/build/bluepill/SrcWrapper/src/HardwareTimer.cpp.o
                0x200000b4                HardwareTimer_Handle
 .bss._ZL13gpio_irq_conf
                0x200000c4      0x140 .pio/build/bluepill/SrcWrapper/src/stm32/interrupt.cpp.o
 .bss.uart_handlers
                0x20000204        0xc .pio/build/bluepill/SrcWrapper/src/stm32/uart.c.o
 .bss.batPer    0x20000210        0x4 .pio/build/bluepill/src/main.cpp.o
                0x20000210                batPer
 .bss.value     0x20000214        0x4 .pio/build/bluepill/src/main.cpp.o
                0x20000214                value
 .bss.avg       0x20000218        0x4 .pio/build/bluepill/src/main.cpp.o
                0x20000218                avg
 .bss.sum       0x2000021c        0x4 .pio/build/bluepill/src/main.cpp.o
                0x2000021c                sum
 .bss.valueAverage
                0x20000220        0x4 .pio/build/bluepill/src/main.cpp.o
                0x20000220                valueAverage
 .bss.average   0x20000224      0x190 .pio/build/bluepill/src/main.cpp.o
                0x20000224                average
 .bss.s2        0x200003b4        0x1 .pio/build/bluepill/src/main.cpp.o
                0x200003b4                s2
 .bss.s1        0x200003b5        0x1 .pio/build/bluepill/src/main.cpp.o
                0x200003b5                s1
 .bss.INV       0x200003b6        0x1 .pio/build/bluepill/src/main.cpp.o
                0x200003b6                INV
 .bss.OTP       0x200003b7        0x1 .pio/build/bluepill/src/main.cpp.o
                0x200003b7                OTP
 .bss.OCP       0x200003b8        0x1 .pio/build/bluepill/src/main.cpp.o
                0x200003b8                OCP
 .bss.OLP       0x200003b9        0x1 .pio/build/bluepill/src/main.cpp.o
                0x200003b9                OLP
 .bss.OVP       0x200003ba        0x1 .pio/build/bluepill/src/main.cpp.o
                0x200003ba                OVP
 .bss.UVP       0x200003bb        0x1 .pio/build/bluepill/src/main.cpp.o
                0x200003bb                UVP
 .bss.actualVal
                0x200003bc        0x4 .pio/build/bluepill/src/main.cpp.o
                0x200003bc                actualVal
 .bss.val       0x200003c0        0x4 .pio/build/bluepill/src/main.cpp.o
                0x200003c0                val
 .bss.power     0x200003c4        0x4 .pio/build/bluepill/src/main.cpp.o
                0x200003c4                power
 .bss.temperature
                0x200003c8        0x4 .pio/build/bluepill/src/main.cpp.o
                0x200003c8                temperature
 .bss.current   0x200003cc        0x4 .pio/build/bluepill/src/main.cpp.o
                0x200003cc                current
 .bss.voltage   0x200003d0        0x4 .pio/build/bluepill/src/main.cpp.o
                0x200003d0                voltage
 .bss.lcd       0x200003d4       0x10 .pio/build/bluepill/src/main.cpp.o
                0x200003d4                lcd
 .bss.g_anOutputPinConfigured
                0x200003e4       0x14 .pio/build/bluepill/libFrameworkArduino.a(wiring_analog.c.o)
                0x200003e4                g_anOutputPinConfigured
 .bss.Serial1   0x200003f8      0x118 .pio/build/bluepill/libFrameworkArduino.a(HardwareSerial.cpp.o)
                0x200003f8                Serial1
 .bss.Wire      0x20000510       0xe4 .pio/build/bluepill/lib358/libWire.a(Wire.cpp.o)
                0x20000510                Wire
 .bss.i2c_handles
                0x200005f4        0x8 .pio/build/bluepill/lib358/libWire.a(twi.c.o)
 .bss.__malloc_sbrk_start
                0x200005fc        0x4 /home/chima/.platformio/packages/toolchain-gccarmnoneeabi/bin/../lib/gcc/arm-none-eabi/12.3.1/../../../../arm-none-eabi/lib/thumb/v7-m/nofp/libc_nano.a(libc_a-mallocr.o)
                0x200005fc                __malloc_sbrk_start
 .bss.__malloc_free_list
                0x20000600        0x4 /home/chima/.platformio/packages/toolchain-gccarmnoneeabi/bin/../lib/gcc/arm-none-eabi/12.3.1/../../../../arm-none-eabi/lib/thumb/v7-m/nofp/libc_nano.a(libc_a-mallocr.o)
                0x20000600                __malloc_free_list
 .bss.__sf      0x20000604      0x138 /home/chima/.platformio/packages/toolchain-gccarmnoneeabi/bin/../lib/gcc/arm-none-eabi/12.3.1/../../../../arm-none-eabi/lib/thumb/v7-m/nofp/libc_nano.a(libc_a-findfp.o)
                0x20000604                __sf
 .bss.errno     0x2000073c        0x4 /home/chima/.platformio/packages/toolchain-gccarmnoneeabi/bin/../lib/gcc/arm-none-eabi/12.3.1/../../../../arm-none-eabi/lib/thumb/v7-m/nofp/libc_nano.a(libc_a-reent.o)
                0x2000073c                errno
 .bss.__lock___malloc_recursive_mutex
                0x20000740        0x1 /home/chima/.platformio/packages/toolchain-gccarmnoneeabi/bin/../lib/gcc/arm-none-eabi/12.3.1/../../../../arm-none-eabi/lib/thumb/v7-m/nofp/libc_nano.a(libc_a-lock.o)
                0x20000740                __lock___malloc_recursive_mutex
 *(COMMON)
                0x20000744                        . = ALIGN (0x4)
 *fill*         0x20000741        0x3 